#
# There is insufficient memory for the Java Runtime Environment to continue.
# Native memory allocation (malloc) failed to allocate 1114896 bytes. Error detail: Chunk::new
# Possible reasons:
#   The system is out of physical RAM or swap space
#   This process is running with CompressedOops enabled, and the Java Heap may be blocking the growth of the native heap
# Possible solutions:
#   Reduce memory load on the system
#   Increase physical memory or swap space
#   Check if swap backing store is full
#   Decrease Java heap size (-Xmx/-Xms)
#   Decrease number of Java threads
#   Decrease Java thread stack sizes (-Xss)
#   Set larger code cache with -XX:ReservedCodeCacheSize=
#   JVM is running with Unscaled Compressed Oops mode in which the Java heap is
#     placed in the first 4GB address space. The Java Heap base address is the
#     maximum limit for the native heap growth. Please use -XX:HeapBaseMinAddress
#     to set the Java Heap base and to place the Java Heap above 4GB virtual address.
# This output file may be truncated or incomplete.
#
#  Out of Memory Error (arena.cpp:168), pid=12516, tid=14476
#
# JRE version: OpenJDK Runtime Environment Temurin-21.0.10+7 (21.0.10+7) (build 21.0.10+7-LTS)
# Java VM: OpenJDK 64-Bit Server VM Temurin-21.0.10+7 (21.0.10+7-LTS, mixed mode, sharing, tiered, compressed oops, compressed class ptrs, parallel gc, windows-amd64)
# No core dump will be written. Minidumps are not enabled by default on client versions of Windows
#

---------------  S U M M A R Y ------------

Command Line: --add-modules=ALL-SYSTEM --add-opens=java.base/java.util=ALL-UNNAMED --add-opens=java.base/java.lang=ALL-UNNAMED --add-opens=java.base/sun.nio.fs=ALL-UNNAMED -Declipse.application=org.eclipse.jdt.ls.core.id1 -Dosgi.bundles.defaultStartLevel=4 -Declipse.product=org.eclipse.jdt.ls.core.product -Djava.import.generatesMetadataFilesAtProjectRoot=false -DDetectVMInstallationsJob.disabled=true -Dfile.encoding=utf8 -XX:+UseParallelGC -XX:GCTimeRatio=4 -XX:AdaptiveSizePolicyWeight=90 -Dsun.zip.disableMemoryMapping=true -Xmx2G -Xms100m -Xlog:disable -javaagent:c:\Users\Kavis\.vscode\extensions\redhat.java-1.53.0-win32-x64\lombok\lombok-1.18.39-4050.jar -XX:+HeapDumpOnOutOfMemoryError -XX:HeapDumpPath=c:\Users\Kavis\AppData\Roaming\Code\User\workspaceStorage\7b2d75ff63603fdca34be7f1c85b3697\redhat.java -Daether.dependencyCollector.impl=bf c:\Users\Kavis\.vscode\extensions\redhat.java-1.53.0-win32-x64\server\plugins\org.eclipse.equinox.launcher_1.7.100.v20251111-0406.jar -configuration c:\Users\Kavis\AppData\Roaming\Code\User\globalStorage\redhat.java\1.53.0\config_win -data c:\Users\Kavis\AppData\Roaming\Code\User\workspaceStorage\7b2d75ff63603fdca34be7f1c85b3697\redhat.java\jdt_ws --pipe=\\.\pipe\lsp-ceee3a38eed09e793f2884cf4ffc71e4-sock

Host: 12th Gen Intel(R) Core(TM) i5-1235U, 12 cores, 7G,  Windows 11 , 64 bit Build 26100 (10.0.26100.7705)
Time: Thu Sep 24 23:32:10 2026 Sri Lanka Standard Time elapsed time: 14.697740 seconds (0d 0h 0m 14s)

---------------  T H R E A D  ---------------

Current thread (0x00000175de285560):  JavaThread "C2 CompilerThread0" daemon [_thread_in_native, id=14476, stack(0x0000006dd2f00000,0x0000006dd3000000) (1024K)]


Current CompileTask:
C2:14698 3188       4       java.lang.invoke.MethodType::makeImpl (109 bytes)

Stack: [0x0000006dd2f00000,0x0000006dd3000000]
Native frames: (J=compiled Java code, j=interpreted, Vv=VM code, C=native code)
V  [jvm.dll+0x6d7a39]
V  [jvm.dll+0x8b4b26]
V  [jvm.dll+0x8b70de]
V  [jvm.dll+0x8b77c3]
V  [jvm.dll+0x284346]
V  [jvm.dll+0xc66ed]
V  [jvm.dll+0xc6c31]
V  [jvm.dll+0x3bec01]
V  [jvm.dll+0x1e3f69]
V  [jvm.dll+0x24c6b3]
V  [jvm.dll+0x24bb40]
V  [jvm.dll+0x1cb34e]
V  [jvm.dll+0x25b85d]
V  [jvm.dll+0x259dea]
V  [jvm.dll+0x3f857e]
V  [jvm.dll+0x85f59d]
V  [jvm.dll+0x6d626d]
C  [ucrtbase.dll+0x37b0]
C  [KERNEL32.DLL+0x2e8d7]
C  [ntdll.dll+0x8c40c]


---------------  P R O C E S S  ---------------

Threads class SMR info:
_java_thread_list=0x00000175e45904f0, length=21, elements={
0x00000175c6474810, 0x00000175dcf093b0, 0x00000175c652cb70, 0x00000175dcf0c140,
0x00000175dcf0cda0, 0x00000175dcf185a0, 0x00000175dcf1e890, 0x00000175de285560,
0x00000175de289df0, 0x00000175de514930, 0x00000175de512860, 0x00000175de514fc0,
0x00000175de513580, 0x00000175de5121d0, 0x00000175de512ef0, 0x00000175de513c10,
0x00000175de5142a0, 0x00000175de515650, 0x00000175de54ab50, 0x00000175de54b1e0,
0x00000175de54d2b0
}

Java Threads: ( => current thread )
  0x00000175c6474810 JavaThread "main"                              [_thread_blocked, id=17372, stack(0x0000006dd2500000,0x0000006dd2600000) (1024K)]
  0x00000175dcf093b0 JavaThread "Reference Handler"          daemon [_thread_blocked, id=18112, stack(0x0000006dd2900000,0x0000006dd2a00000) (1024K)]
  0x00000175c652cb70 JavaThread "Finalizer"                  daemon [_thread_blocked, id=6268, stack(0x0000006dd2a00000,0x0000006dd2b00000) (1024K)]
  0x00000175dcf0c140 JavaThread "Signal Dispatcher"          daemon [_thread_blocked, id=2460, stack(0x0000006dd2b00000,0x0000006dd2c00000) (1024K)]
  0x00000175dcf0cda0 JavaThread "Attach Listener"            daemon [_thread_blocked, id=18136, stack(0x0000006dd2c00000,0x0000006dd2d00000) (1024K)]
  0x00000175dcf185a0 JavaThread "Service Thread"             daemon [_thread_blocked, id=7196, stack(0x0000006dd2d00000,0x0000006dd2e00000) (1024K)]
  0x00000175dcf1e890 JavaThread "Monitor Deflation Thread"   daemon [_thread_blocked, id=9100, stack(0x0000006dd2e00000,0x0000006dd2f00000) (1024K)]
=>0x00000175de285560 JavaThread "C2 CompilerThread0"         daemon [_thread_in_native, id=14476, stack(0x0000006dd2f00000,0x0000006dd3000000) (1024K)]
  0x00000175de289df0 JavaThread "C1 CompilerThread0"         daemon [_thread_blocked, id=15820, stack(0x0000006dd3000000,0x0000006dd3100000) (1024K)]
  0x00000175de514930 JavaThread "Common-Cleaner"             daemon [_thread_blocked, id=17296, stack(0x0000006dd3200000,0x0000006dd3300000) (1024K)]
  0x00000175de512860 JavaThread "Notification Thread"        daemon [_thread_blocked, id=13244, stack(0x0000006dd3300000,0x0000006dd3400000) (1024K)]
  0x00000175de514fc0 JavaThread "Active Thread: Equinox Container: 0882e1d6-8b6d-439a-b14d-b769e29602e9"        [_thread_blocked, id=3484, stack(0x0000006dd3100000,0x0000006dd3200000) (1024K)]
  0x00000175de513580 JavaThread "Refresh Thread: Equinox Container: 0882e1d6-8b6d-439a-b14d-b769e29602e9" daemon [_thread_blocked, id=10840, stack(0x0000006dd3b00000,0x0000006dd3c00000) (1024K)]
  0x00000175de5121d0 JavaThread "Framework Event Dispatcher: Equinox Container: 0882e1d6-8b6d-439a-b14d-b769e29602e9" daemon [_thread_blocked, id=16068, stack(0x0000006dd3c00000,0x0000006dd3d00000) (1024K)]
  0x00000175de512ef0 JavaThread "Start Level: Equinox Container: 0882e1d6-8b6d-439a-b14d-b769e29602e9" daemon [_thread_in_vm, id=19004, stack(0x0000006dd3d00000,0x0000006dd3e00000) (1024K)]
  0x00000175de513c10 JavaThread "Bundle File Closer"         daemon [_thread_blocked, id=9896, stack(0x0000006dd4000000,0x0000006dd4100000) (1024K)]
  0x00000175de5142a0 JavaThread "SCR Component Actor"        daemon [_thread_blocked, id=18732, stack(0x0000006dd4100000,0x0000006dd4200000) (1024K)]
  0x00000175de515650 JavaThread "Worker-JM"                         [_thread_blocked, id=17396, stack(0x0000006dd4200000,0x0000006dd4300000) (1024K)]
  0x00000175de54ab50 JavaThread "JNA Cleaner"                daemon [_thread_blocked, id=10280, stack(0x0000006dd4300000,0x0000006dd4400000) (1024K)]
  0x00000175de54b1e0 JavaThread "Worker-0: Checking project encoding"        [_thread_blocked, id=5904, stack(0x0000006dd4400000,0x0000006dd4500000) (1024K)]
  0x00000175de54d2b0 JavaThread "Worker-1"                          [_thread_blocked, id=16732, stack(0x0000006dd4500000,0x0000006dd4600000) (1024K)]
Total: 21

Other Threads:
  0x00000175dcf04970 VMThread "VM Thread"                           [id=6048, stack(0x0000006dd2800000,0x0000006dd2900000) (1024K)]
  0x00000175dcdfca00 WatcherThread "VM Periodic Task Thread"        [id=17120, stack(0x0000006dd2700000,0x0000006dd2800000) (1024K)]
  0x00000175c6492f90 WorkerThread "GC Thread#0"                     [id=12796, stack(0x0000006dd2600000,0x0000006dd2700000) (1024K)]
  0x00000175df873900 WorkerThread "GC Thread#1"                     [id=10944, stack(0x0000006dd3400000,0x0000006dd3500000) (1024K)]
  0x00000175df545cf0 WorkerThread "GC Thread#2"                     [id=18332, stack(0x0000006dd3500000,0x0000006dd3600000) (1024K)]
  0x00000175df5460a0 WorkerThread "GC Thread#3"                     [id=6848, stack(0x0000006dd3600000,0x0000006dd3700000) (1024K)]
  0x00000175df546450 WorkerThread "GC Thread#4"                     [id=9212, stack(0x0000006dd3700000,0x0000006dd3800000) (1024K)]
  0x00000175df7479d0 WorkerThread "GC Thread#5"                     [id=16456, stack(0x0000006dd3800000,0x0000006dd3900000) (1024K)]
  0x00000175df747d80 WorkerThread "GC Thread#6"                     [id=11756, stack(0x0000006dd3900000,0x0000006dd3a00000) (1024K)]
  0x00000175df9bca30 WorkerThread "GC Thread#7"                     [id=14600, stack(0x0000006dd3a00000,0x0000006dd3b00000) (1024K)]
  0x00000175e40be2a0 WorkerThread "GC Thread#8"                     [id=16648, stack(0x0000006dd3e00000,0x0000006dd3f00000) (1024K)]
  0x00000175df767760 WorkerThread "GC Thread#9"                     [id=10680, stack(0x0000006dd3f00000,0x0000006dd4000000) (1024K)]
Total: 12

Threads with active compile tasks:
C2 CompilerThread0  14740 3188       4       java.lang.invoke.MethodType::makeImpl (109 bytes)
Total: 1

VM state: not at safepoint (normal execution)

VM Mutex/Monitor currently owned by a thread: None

Heap address: 0x0000000080000000, size: 2048 MB, Compressed Oops mode: 32-bit

CDS archive(s) mapped at: [0x0000017580000000-0x0000017580ba0000-0x0000017580ba0000), size 12189696, SharedBaseAddress: 0x0000017580000000, ArchiveRelocationMode: 1.
Compressed class space mapped at: 0x0000017581000000-0x00000175c1000000, reserved size: 1073741824
Narrow klass base: 0x0000017580000000, Narrow klass shift: 0, Narrow klass range: 0x100000000

GC Precious Log:
 CardTable entry size: 512
 CPUs: 12 total, 12 available
 Memory: 7896M
 Large Page Support: Disabled
 NUMA Support: Disabled
 Compressed Oops: Enabled (32-bit)
 Alignments: Space 512K, Generation 512K, Heap 2M
 Heap Min Capacity: 100M
 Heap Initial Capacity: 100M
 Heap Max Capacity: 2G
 Pre-touch: Disabled
 Parallel Workers: 10

Heap:
 PSYoungGen      total 29184K, used 19230K [0x00000000d5580000, 0x00000000d7a00000, 0x0000000100000000)
  eden space 25088K, 60% used [0x00000000d5580000,0x00000000d644e1d8,0x00000000d6e00000)
  from space 4096K, 99% used [0x00000000d6e80000,0x00000000d7279968,0x00000000d7280000)
  to   space 6144K, 0% used [0x00000000d7400000,0x00000000d7400000,0x00000000d7a00000)
 ParOldGen       total 68608K, used 8041K [0x0000000080000000, 0x0000000084300000, 0x00000000d5580000)
  object space 68608K, 11% used [0x0000000080000000,0x00000000807da540,0x0000000084300000)
 Metaspace       used 17838K, committed 18560K, reserved 1114112K
  class space    used 1878K, committed 2176K, reserved 1048576K

Card table byte_map: [0x00000175c5e10000,0x00000175c6220000] _byte_map_base: 0x00000175c5a10000

Marking Bits: (ParMarkBitMap*) 0x00007ffae09e3450
 Begin Bits: [0x00000175d8920000, 0x00000175da920000)
 End Bits:   [0x00000175da920000, 0x00000175dc920000)

Polling page: 0x00000175c4310000

Metaspace:

Usage:
  Non-class:     15.59 MB used.
      Class:      1.83 MB used.
       Both:     17.42 MB used.

Virtual space:
  Non-class space:       64.00 MB reserved,      16.00 MB ( 25%) committed,  1 nodes.
      Class space:        1.00 GB reserved,       2.12 MB ( <1%) committed,  1 nodes.
             Both:        1.06 GB reserved,      18.12 MB (  2%) committed. 

Chunk freelists:
   Non-Class:  16.00 KB
       Class:  13.74 MB
        Both:  13.75 MB

MaxMetaspaceSize: unlimited
CompressedClassSpaceSize: 1.00 GB
Initial GC threshold: 21.00 MB
Current GC threshold: 21.00 MB
CDS: on
 - commit_granule_bytes: 65536.
 - commit_granule_words: 8192.
 - virtual_space_node_default_size: 8388608.
 - enlarge_chunks_in_place: 1.
 - use_allocation_guard: 0.


Internal statistics:

num_allocs_failed_limit: 0.
num_arena_births: 558.
num_arena_deaths: 0.
num_vsnodes_births: 2.
num_vsnodes_deaths: 0.
num_space_committed: 290.
num_space_uncommitted: 0.
num_chunks_returned_to_freelist: 0.
num_chunks_taken_from_freelist: 1214.
num_chunk_merges: 0.
num_chunk_splits: 777.
num_chunks_enlarged: 509.
num_inconsistent_stats: 0.

CodeHeap 'non-profiled nmethods': size=120000Kb used=1397Kb max_used=1397Kb free=118602Kb
 bounds [0x00000175d1140000, 0x00000175d13b0000, 0x00000175d8670000]
CodeHeap 'profiled nmethods': size=120000Kb used=6524Kb max_used=6524Kb free=113475Kb
 bounds [0x00000175c9670000, 0x00000175c9cd0000, 0x00000175d0ba0000]
CodeHeap 'non-nmethods': size=5760Kb used=1275Kb max_used=1285Kb free=4484Kb
 bounds [0x00000175d0ba0000, 0x00000175d0e10000, 0x00000175d1140000]
CodeCache: size=245760Kb, used=9196Kb, max_used=9206Kb, free=236561Kb
 total_blobs=3849, nmethods=3296, adapters=459, full_count=0
Compilation: enabled, stopped_count=0, restarted_count=0

Compilation events (20 events):
Event: 11.600 Thread 0x00000175de289df0 3287       3       jdk.internal.misc.Unsafe::putReferenceOpaque (9 bytes)
Event: 12.582 Thread 0x00000175de289df0 nmethod 3287 0x00000175c9cc8290 code [0x00000175c9cc8420, 0x00000175c9cc8550]
Event: 12.582 Thread 0x00000175de289df0 3288       3       java.util.concurrent.locks.LockSupport::setBlocker (12 bytes)
Event: 12.582 Thread 0x00000175de289df0 nmethod 3288 0x00000175c9cc8610 code [0x00000175c9cc87c0, 0x00000175c9cc89c8]
Event: 12.582 Thread 0x00000175de289df0 3291       3       java.util.concurrent.locks.AbstractQueuedSynchronizer::casTail (13 bytes)
Event: 12.583 Thread 0x00000175de289df0 nmethod 3291 0x00000175c9cc8a90 code [0x00000175c9cc8c20, 0x00000175c9cc8d60]
Event: 12.597 Thread 0x00000175de289df0 3292       3       org.objectweb.asm.ClassReader::readUnsignedShort (26 bytes)
Event: 12.598 Thread 0x00000175de289df0 nmethod 3292 0x00000175c9cc8e10 code [0x00000175c9cc8fc0, 0x00000175c9cc9130]
Event: 12.632 Thread 0x00000175de289df0 3293   !   3       org.eclipse.osgi.framework.util.SecureAction::getZipFile (131 bytes)
Event: 12.634 Thread 0x00000175de289df0 nmethod 3293 0x00000175c9cc9210 code [0x00000175c9cc9500, 0x00000175c9cca230]
Event: 13.060 Thread 0x00000175de289df0 3294       3       java.util.concurrent.ScheduledThreadPoolExecutor$ScheduledFutureTask::compareTo (9 bytes)
Event: 13.060 Thread 0x00000175de289df0 nmethod 3294 0x00000175c9cca890 code [0x00000175c9ccaa40, 0x00000175c9ccaca0]
Event: 13.060 Thread 0x00000175de289df0 3295       3       java.util.concurrent.ScheduledThreadPoolExecutor$ScheduledFutureTask::compareTo (101 bytes)
Event: 13.061 Thread 0x00000175de289df0 nmethod 3295 0x00000175c9ccad90 code [0x00000175c9ccafc0, 0x00000175c9ccb6d8]
Event: 13.153 Thread 0x00000175de289df0 3296       3       java.util.concurrent.ScheduledThreadPoolExecutor$DelayedWorkQueue::setIndex (16 bytes)
Event: 13.153 Thread 0x00000175de289df0 nmethod 3296 0x00000175c9ccb890 code [0x00000175c9ccba40, 0x00000175c9ccbd48]
Event: 13.215 Thread 0x00000175de289df0 3297       3       java.util.concurrent.ThreadPoolExecutor::runStateAtLeast (11 bytes)
Event: 13.215 Thread 0x00000175de289df0 nmethod 3297 0x00000175c9ccbe10 code [0x00000175c9ccbfa0, 0x00000175c9ccc0e0]
Event: 13.938 Thread 0x00000175de289df0 3298       3       java.lang.Thread::isVirtual (5 bytes)
Event: 13.938 Thread 0x00000175de289df0 nmethod 3298 0x00000175c9ccc190 code [0x00000175c9ccc340, 0x00000175c9ccc548]

GC Heap History (10 events):
Event: 1.854 GC heap before
{Heap before GC invocations=1 (full 0):
 PSYoungGen      total 29696K, used 25600K [0x00000000d5580000, 0x00000000d7680000, 0x0000000100000000)
  eden space 25600K, 100% used [0x00000000d5580000,0x00000000d6e80000,0x00000000d6e80000)
  from space 4096K, 0% used [0x00000000d7280000,0x00000000d7280000,0x00000000d7680000)
  to   space 4096K, 0% used [0x00000000d6e80000,0x00000000d6e80000,0x00000000d7280000)
 ParOldGen       total 68608K, used 0K [0x0000000080000000, 0x0000000084300000, 0x00000000d5580000)
  object space 68608K, 0% used [0x0000000080000000,0x0000000080000000,0x0000000084300000)
 Metaspace       used 4336K, committed 4608K, reserved 1114112K
  class space    used 473K, committed 576K, reserved 1048576K
}
Event: 1.868 GC heap after
{Heap after GC invocations=1 (full 0):
 PSYoungGen      total 29696K, used 3319K [0x00000000d5580000, 0x00000000d7680000, 0x0000000100000000)
  eden space 25600K, 0% used [0x00000000d5580000,0x00000000d5580000,0x00000000d6e80000)
  from space 4096K, 81% used [0x00000000d6e80000,0x00000000d71bdea8,0x00000000d7280000)
  to   space 4096K, 0% used [0x00000000d7280000,0x00000000d7280000,0x00000000d7680000)
 ParOldGen       total 68608K, used 16K [0x0000000080000000, 0x0000000084300000, 0x00000000d5580000)
  object space 68608K, 0% used [0x0000000080000000,0x0000000080004000,0x0000000084300000)
 Metaspace       used 4336K, committed 4608K, reserved 1114112K
  class space    used 473K, committed 576K, reserved 1048576K
}
Event: 4.103 GC heap before
{Heap before GC invocations=2 (full 0):
 PSYoungGen      total 29696K, used 28919K [0x00000000d5580000, 0x00000000d7680000, 0x0000000100000000)
  eden space 25600K, 100% used [0x00000000d5580000,0x00000000d6e80000,0x00000000d6e80000)
  from space 4096K, 81% used [0x00000000d6e80000,0x00000000d71bdea8,0x00000000d7280000)
  to   space 4096K, 0% used [0x00000000d7280000,0x00000000d7280000,0x00000000d7680000)
 ParOldGen       total 68608K, used 16K [0x0000000080000000, 0x0000000084300000, 0x00000000d5580000)
  object space 68608K, 0% used [0x0000000080000000,0x0000000080004000,0x0000000084300000)
 Metaspace       used 7992K, committed 8256K, reserved 1114112K
  class space    used 830K, committed 960K, reserved 1048576K
}
Event: 4.118 GC heap after
{Heap after GC invocations=2 (full 0):
 PSYoungGen      total 29696K, used 4070K [0x00000000d5580000, 0x00000000d7680000, 0x0000000100000000)
  eden space 25600K, 0% used [0x00000000d5580000,0x00000000d5580000,0x00000000d6e80000)
  from space 4096K, 99% used [0x00000000d7280000,0x00000000d7679820,0x00000000d7680000)
  to   space 4096K, 0% used [0x00000000d6e80000,0x00000000d6e80000,0x00000000d7280000)
 ParOldGen       total 68608K, used 2117K [0x0000000080000000, 0x0000000084300000, 0x00000000d5580000)
  object space 68608K, 3% used [0x0000000080000000,0x00000000802116b8,0x0000000084300000)
 Metaspace       used 7992K, committed 8256K, reserved 1114112K
  class space    used 830K, committed 960K, reserved 1048576K
}
Event: 5.407 GC heap before
{Heap before GC invocations=3 (full 0):
 PSYoungGen      total 29696K, used 29670K [0x00000000d5580000, 0x00000000d7680000, 0x0000000100000000)
  eden space 25600K, 100% used [0x00000000d5580000,0x00000000d6e80000,0x00000000d6e80000)
  from space 4096K, 99% used [0x00000000d7280000,0x00000000d7679820,0x00000000d7680000)
  to   space 4096K, 0% used [0x00000000d6e80000,0x00000000d6e80000,0x00000000d7280000)
 ParOldGen       total 68608K, used 2117K [0x0000000080000000, 0x0000000084300000, 0x00000000d5580000)
  object space 68608K, 3% used [0x0000000080000000,0x00000000802116b8,0x0000000084300000)
 Metaspace       used 9457K, committed 9792K, reserved 1114112K
  class space    used 1008K, committed 1152K, reserved 1048576K
}
Event: 5.421 GC heap after
{Heap after GC invocations=3 (full 0):
 PSYoungGen      total 29696K, used 4064K [0x00000000d5580000, 0x00000000d7680000, 0x0000000100000000)
  eden space 25600K, 0% used [0x00000000d5580000,0x00000000d5580000,0x00000000d6e80000)
  from space 4096K, 99% used [0x00000000d6e80000,0x00000000d72780c8,0x00000000d7280000)
  to   space 4096K, 0% used [0x00000000d7280000,0x00000000d7280000,0x00000000d7680000)
 ParOldGen       total 68608K, used 5010K [0x0000000080000000, 0x0000000084300000, 0x00000000d5580000)
  object space 68608K, 7% used [0x0000000080000000,0x00000000804e4b48,0x0000000084300000)
 Metaspace       used 9457K, committed 9792K, reserved 1114112K
  class space    used 1008K, committed 1152K, reserved 1048576K
}
Event: 7.340 GC heap before
{Heap before GC invocations=4 (full 0):
 PSYoungGen      total 29696K, used 29664K [0x00000000d5580000, 0x00000000d7680000, 0x0000000100000000)
  eden space 25600K, 100% used [0x00000000d5580000,0x00000000d6e80000,0x00000000d6e80000)
  from space 4096K, 99% used [0x00000000d6e80000,0x00000000d72780c8,0x00000000d7280000)
  to   space 4096K, 0% used [0x00000000d7280000,0x00000000d7280000,0x00000000d7680000)
 ParOldGen       total 68608K, used 5010K [0x0000000080000000, 0x0000000084300000, 0x00000000d5580000)
  object space 68608K, 7% used [0x0000000080000000,0x00000000804e4b48,0x0000000084300000)
 Metaspace       used 11671K, committed 12032K, reserved 1114112K
  class space    used 1232K, committed 1408K, reserved 1048576K
}
Event: 7.351 GC heap after
{Heap after GC invocations=4 (full 0):
 PSYoungGen      total 29696K, used 4086K [0x00000000d5580000, 0x00000000d7680000, 0x0000000100000000)
  eden space 25600K, 0% used [0x00000000d5580000,0x00000000d5580000,0x00000000d6e80000)
  from space 4096K, 99% used [0x00000000d7280000,0x00000000d767dba8,0x00000000d7680000)
  to   space 4096K, 0% used [0x00000000d6e80000,0x00000000d6e80000,0x00000000d7280000)
 ParOldGen       total 68608K, used 6567K [0x0000000080000000, 0x0000000084300000, 0x00000000d5580000)
  object space 68608K, 9% used [0x0000000080000000,0x0000000080669e98,0x0000000084300000)
 Metaspace       used 11671K, committed 12032K, reserved 1114112K
  class space    used 1232K, committed 1408K, reserved 1048576K
}
Event: 10.733 GC heap before
{Heap before GC invocations=5 (full 0):
 PSYoungGen      total 29696K, used 29686K [0x00000000d5580000, 0x00000000d7680000, 0x0000000100000000)
  eden space 25600K, 100% used [0x00000000d5580000,0x00000000d6e80000,0x00000000d6e80000)
  from space 4096K, 99% used [0x00000000d7280000,0x00000000d767dba8,0x00000000d7680000)
  to   space 4096K, 0% used [0x00000000d6e80000,0x00000000d6e80000,0x00000000d7280000)
 ParOldGen       total 68608K, used 6567K [0x0000000080000000, 0x0000000084300000, 0x00000000d5580000)
  object space 68608K, 9% used [0x0000000080000000,0x0000000080669e98,0x0000000084300000)
 Metaspace       used 15602K, committed 16256K, reserved 1114112K
  class space    used 1623K, committed 1920K, reserved 1048576K
}
Event: 10.738 GC heap after
{Heap after GC invocations=5 (full 0):
 PSYoungGen      total 29184K, used 4070K [0x00000000d5580000, 0x00000000d7a00000, 0x0000000100000000)
  eden space 25088K, 0% used [0x00000000d5580000,0x00000000d5580000,0x00000000d6e00000)
  from space 4096K, 99% used [0x00000000d6e80000,0x00000000d7279968,0x00000000d7280000)
  to   space 6144K, 0% used [0x00000000d7400000,0x00000000d7400000,0x00000000d7a00000)
 ParOldGen       total 68608K, used 8041K [0x0000000080000000, 0x0000000084300000, 0x00000000d5580000)
  object space 68608K, 11% used [0x0000000080000000,0x00000000807da540,0x0000000084300000)
 Metaspace       used 15602K, committed 16256K, reserved 1114112K
  class space    used 1623K, committed 1920K, reserved 1048576K
}

Dll operation events (10 events):
Event: 0.015 Loaded shared library c:\Users\Kavis\.vscode\extensions\redhat.java-1.53.0-win32-x64\jre\21.0.10-win32-x86_64\bin\java.dll
Event: 0.140 Loaded shared library c:\Users\Kavis\.vscode\extensions\redhat.java-1.53.0-win32-x64\jre\21.0.10-win32-x86_64\bin\zip.dll
Event: 0.200 Loaded shared library C:\Users\Kavis\.vscode\extensions\redhat.java-1.53.0-win32-x64\jre\21.0.10-win32-x86_64\bin\instrument.dll
Event: 0.209 Loaded shared library C:\Users\Kavis\.vscode\extensions\redhat.java-1.53.0-win32-x64\jre\21.0.10-win32-x86_64\bin\net.dll
Event: 0.224 Loaded shared library C:\Users\Kavis\.vscode\extensions\redhat.java-1.53.0-win32-x64\jre\21.0.10-win32-x86_64\bin\nio.dll
Event: 0.231 Loaded shared library C:\Users\Kavis\.vscode\extensions\redhat.java-1.53.0-win32-x64\jre\21.0.10-win32-x86_64\bin\zip.dll
Event: 0.267 Loaded shared library C:\Users\Kavis\.vscode\extensions\redhat.java-1.53.0-win32-x64\jre\21.0.10-win32-x86_64\bin\jimage.dll
Event: 0.458 Loaded shared library c:\Users\Kavis\.vscode\extensions\redhat.java-1.53.0-win32-x64\jre\21.0.10-win32-x86_64\bin\verify.dll
Event: 4.200 Loaded shared library C:\Users\Kavis\AppData\Roaming\Code\User\globalStorage\redhat.java\1.53.0\config_win\org.eclipse.equinox.launcher\org.eclipse.equinox.launcher.win32.win32.x86_64_1.3.0.v20260203-2149\eclipse_11919.dll
Event: 11.267 Loaded shared library C:\Users\Kavis\AppData\Local\Temp\jna-72270570\jna12239541977988661108.dll

Deoptimization events (20 events):
Event: 10.845 Thread 0x00000175de512ef0 Uncommon trap: trap_request=0xffffff45 fr.pc=0x00000175d1201394 relative=0x0000000000000234
Event: 10.845 Thread 0x00000175de512ef0 Uncommon trap: reason=unstable_if action=reinterpret pc=0x00000175d1201394 method=java.io.WinNTFileSystem.normalize(Ljava/lang/String;)Ljava/lang/String; @ 128 c2
Event: 10.845 Thread 0x00000175de512ef0 DEOPT PACKING pc=0x00000175d1201394 sp=0x0000006dd3df7a60
Event: 10.845 Thread 0x00000175de512ef0 DEOPT UNPACKING pc=0x00000175d0bf3aa2 sp=0x0000006dd3df79d8 mode 2
Event: 10.853 Thread 0x00000175de512ef0 Uncommon trap: trap_request=0xffffff45 fr.pc=0x00000175d117b190 relative=0x0000000000000670
Event: 10.853 Thread 0x00000175de512ef0 Uncommon trap: reason=unstable_if action=reinterpret pc=0x00000175d117b190 method=java.lang.String.replace(Ljava/lang/CharSequence;Ljava/lang/CharSequence;)Ljava/lang/String; @ 42 c2
Event: 10.853 Thread 0x00000175de512ef0 DEOPT PACKING pc=0x00000175d117b190 sp=0x0000006dd3df7b50
Event: 10.853 Thread 0x00000175de512ef0 DEOPT UNPACKING pc=0x00000175d0bf3aa2 sp=0x0000006dd3df7ad0 mode 2
Event: 11.395 Thread 0x00000175de512ef0 Uncommon trap: trap_request=0xffffff45 fr.pc=0x00000175d12964a4 relative=0x0000000000000084
Event: 11.395 Thread 0x00000175de512ef0 Uncommon trap: reason=unstable_if action=reinterpret pc=0x00000175d12964a4 method=java.lang.ref.SoftReference.get()Ljava/lang/Object; @ 6 c2
Event: 11.395 Thread 0x00000175de512ef0 DEOPT PACKING pc=0x00000175d12964a4 sp=0x0000006dd3df9a50
Event: 11.395 Thread 0x00000175de512ef0 DEOPT UNPACKING pc=0x00000175d0bf3aa2 sp=0x0000006dd3df99e8 mode 2
Event: 11.431 Thread 0x00000175de54b1e0 Uncommon trap: trap_request=0xffffff45 fr.pc=0x00000175d1233b60 relative=0x00000000000000c0
Event: 11.431 Thread 0x00000175de54b1e0 Uncommon trap: reason=unstable_if action=reinterpret pc=0x00000175d1233b60 method=java.util.concurrent.locks.ReentrantLock$NonfairSync.initialTryLock()Z @ 25 c2
Event: 11.431 Thread 0x00000175de54b1e0 DEOPT PACKING pc=0x00000175d1233b60 sp=0x0000006dd44fdfe0
Event: 11.431 Thread 0x00000175de54b1e0 DEOPT UNPACKING pc=0x00000175d0bf3aa2 sp=0x0000006dd44fdf60 mode 2
Event: 11.548 Thread 0x00000175de512ef0 Uncommon trap: trap_request=0xffffff45 fr.pc=0x00000175d125bb10 relative=0x0000000000000070
Event: 11.548 Thread 0x00000175de512ef0 Uncommon trap: reason=unstable_if action=reinterpret pc=0x00000175d125bb10 method=java.lang.ref.ReferenceQueue.poll()Ljava/lang/ref/Reference; @ 4 c2
Event: 11.548 Thread 0x00000175de512ef0 DEOPT PACKING pc=0x00000175d125bb10 sp=0x0000006dd3df33d0
Event: 11.548 Thread 0x00000175de512ef0 DEOPT UNPACKING pc=0x00000175d0bf3aa2 sp=0x0000006dd3df3358 mode 2

Classes loaded (20 events):
Event: 11.297 Loading class java/lang/reflect/UndeclaredThrowableException
Event: 11.297 Loading class java/lang/reflect/UndeclaredThrowableException done
Event: 11.298 Loading class java/lang/Class$AnnotationData
Event: 11.298 Loading class java/lang/Class$AnnotationData done
Event: 11.299 Loading class jdk/internal/reflect/MethodHandleIntegerFieldAccessorImpl
Event: 11.300 Loading class jdk/internal/reflect/MethodHandleIntegerFieldAccessorImpl done
Event: 11.318 Loading class java/io/PrintWriter
Event: 11.318 Loading class java/io/PrintWriter done
Event: 11.330 Loading class jdk/internal/reflect/MethodHandleShortFieldAccessorImpl
Event: 11.330 Loading class jdk/internal/reflect/MethodHandleShortFieldAccessorImpl done
Event: 11.331 Loading class java/lang/Short$ShortCache
Event: 11.331 Loading class java/lang/Short$ShortCache done
Event: 11.384 Loading class java/util/function/LongUnaryOperator
Event: 11.384 Loading class java/util/function/LongUnaryOperator done
Event: 11.385 Loading class java/lang/ThreadDeath
Event: 11.386 Loading class java/lang/ThreadDeath done
Event: 11.401 Loading class java/util/stream/SortedOps$SizedRefSortingSink
Event: 11.401 Loading class java/util/stream/SortedOps$SizedRefSortingSink done
Event: 11.472 Loading class java/util/concurrent/atomic/Striped64$1
Event: 11.472 Loading class java/util/concurrent/atomic/Striped64$1 done

Classes unloaded (0 events):
No events

Classes redefined (0 events):
No events

Internal exceptions (20 events):
Event: 10.725 Thread 0x00000175de512ef0 Exception <a 'java/lang/NoSuchMethodError'{0x00000000d6e1cd58}: 'java.lang.Object java.lang.invoke.DirectMethodHandle$Holder.newInvokeSpecial(java.lang.Object, java.lang.Object, java.lang.Object, java.lang.Object, java.lang.Object)'> (0x00000000d6e1cd58) 
thrown [s\src\hotspot\share\interpreter\linkResolver.cpp, line 773]
Event: 10.792 Thread 0x00000175de512ef0 Exception <a 'java/lang/NoSuchMethodError'{0x00000000d57b3360}: 'java.lang.Object java.lang.invoke.DirectMethodHandle$Holder.invokeStaticInit(java.lang.Object, int)'> (0x00000000d57b3360) 
thrown [s\src\hotspot\share\interpreter\linkResolver.cpp, line 773]
Event: 10.862 Thread 0x00000175de512ef0 Exception <a 'java/lang/NoSuchMethodError'{0x00000000d5a1fd50}: 'java.lang.Object java.lang.invoke.DirectMethodHandle$Holder.invokeStaticInit(java.lang.Object, int, int, int, int)'> (0x00000000d5a1fd50) 
thrown [s\src\hotspot\share\interpreter\linkResolver.cpp, line 773]
Event: 10.909 Thread 0x00000175de512ef0 Exception <a 'java/lang/NoSuchMethodError'{0x00000000d5ae9038}: 'java.lang.Object java.lang.invoke.DirectMethodHandle$Holder.invokeStaticInit(java.lang.Object, java.lang.Object, int, int, int, int)'> (0x00000000d5ae9038) 
thrown [s\src\hotspot\share\interpreter\linkResolver.cpp, line 773]
Event: 11.300 Thread 0x00000175de512ef0 Exception <a 'java/lang/NoSuchMethodError'{0x00000000d5c0bf30}: 'void java.lang.invoke.DirectMethodHandle$Holder.invokeSpecial(java.lang.Object, java.lang.Object, java.lang.Object, int)'> (0x00000000d5c0bf30) 
thrown [s\src\hotspot\share\interpreter\linkResolver.cpp, line 773]
Event: 11.301 Thread 0x00000175de512ef0 Exception <a 'java/lang/NoSuchMethodError'{0x00000000d5c0f8c0}: 'void java.lang.invoke.DelegatingMethodHandle$Holder.reinvoke_L(java.lang.Object, java.lang.Object, int)'> (0x00000000d5c0f8c0) 
thrown [s\src\hotspot\share\interpreter\linkResolver.cpp, line 773]
Event: 11.301 Thread 0x00000175de512ef0 Exception <a 'java/lang/NoSuchMethodError'{0x00000000d5c165a8}: 'int java.lang.invoke.Invokers$Holder.invokeExact_MT(java.lang.Object, java.lang.Object, java.lang.Object)'> (0x00000000d5c165a8) 
thrown [s\src\hotspot\share\interpreter\linkResolver.cpp, line 773]
Event: 11.335 Thread 0x00000175de512ef0 Exception <a 'java/lang/NoSuchMethodError'{0x00000000d5d3b980}: 'void java.lang.invoke.Invokers$Holder.invokeExact_MT(java.lang.Object, java.lang.Object, int, java.lang.Object)'> (0x00000000d5d3b980) 
thrown [s\src\hotspot\share\interpreter\linkResolver.cpp, line 773]
Event: 11.380 Thread 0x00000175de512ef0 Exception <a 'java/lang/NoSuchMethodError'{0x00000000d5e57960}: 'java.lang.Object java.lang.invoke.DirectMethodHandle$Holder.invokeSpecial(java.lang.Object, java.lang.Object, java.lang.Object, long, java.lang.Object)'> (0x00000000d5e57960) 
thrown [s\src\hotspot\share\interpreter\linkResolver.cpp, line 773]
Event: 11.381 Thread 0x00000175de512ef0 Exception <a 'java/lang/NoSuchMethodError'{0x00000000d5e5f1a8}: 'java.lang.Object java.lang.invoke.DirectMethodHandle$Holder.newInvokeSpecial(java.lang.Object, java.lang.Object, java.lang.Object, long)'> (0x00000000d5e5f1a8) 
thrown [s\src\hotspot\share\interpreter\linkResolver.cpp, line 773]
Event: 11.382 Thread 0x00000175de512ef0 Exception <a 'java/lang/NoSuchMethodError'{0x00000000d5e63558}: 'java.lang.Object java.lang.invoke.DirectMethodHandle$Holder.invokeSpecial(java.lang.Object, java.lang.Object, java.lang.Object, java.lang.Object, long)'> (0x00000000d5e63558) 
thrown [s\src\hotspot\share\interpreter\linkResolver.cpp, line 773]
Event: 11.383 Thread 0x00000175de512ef0 Exception <a 'java/lang/NoSuchMethodError'{0x00000000d5e67178}: 'java.lang.Object java.lang.invoke.Invokers$Holder.linkToTargetMethod(java.lang.Object, java.lang.Object, long, java.lang.Object)'> (0x00000000d5e67178) 
thrown [s\src\hotspot\share\interpreter\linkResolver.cpp, line 773]
Event: 11.397 Thread 0x00000175de512ef0 Exception <a 'java/lang/NoSuchMethodError'{0x00000000d5ee1558}: 'int java.lang.invoke.DirectMethodHandle$Holder.invokeStaticInit(java.lang.Object, java.lang.Object, java.lang.Object)'> (0x00000000d5ee1558) 
thrown [s\src\hotspot\share\interpreter\linkResolver.cpp, line 773]
Event: 11.418 Thread 0x00000175de512ef0 Exception <a 'java/lang/IncompatibleClassChangeError'{0x00000000d5f91260}: Found class java.lang.Object, but interface was expected> (0x00000000d5f91260) 
thrown [s\src\hotspot\share\interpreter\linkResolver.cpp, line 840]
Event: 11.425 Thread 0x00000175de512ef0 Exception <a 'java/lang/NoSuchMethodError'{0x00000000d5fa40e0}: 'java.lang.Object java.lang.invoke.DirectMethodHandle$Holder.invokeSpecial(java.lang.Object, java.lang.Object, java.lang.Object, int, java.lang.Object, java.lang.Object)'> (0x00000000d5fa40e0) 
thrown [s\src\hotspot\share\interpreter\linkResolver.cpp, line 773]
Event: 11.426 Thread 0x00000175de512ef0 Exception <a 'java/lang/NoSuchMethodError'{0x00000000d5fabaf8}: 'java.lang.Object java.lang.invoke.DirectMethodHandle$Holder.newInvokeSpecial(java.lang.Object, java.lang.Object, java.lang.Object, int, java.lang.Object)'> (0x00000000d5fabaf8) 
thrown [s\src\hotspot\share\interpreter\linkResolver.cpp, line 773]
Event: 11.426 Thread 0x00000175de512ef0 Exception <a 'java/lang/NoSuchMethodError'{0x00000000d5fafa78}: 'java.lang.Object java.lang.invoke.DirectMethodHandle$Holder.invokeSpecial(java.lang.Object, java.lang.Object, java.lang.Object, java.lang.Object, int, java.lang.Object)'> (0x00000000d5fafa78) 
thrown [s\src\hotspot\share\interpreter\linkResolver.cpp, line 773]
Event: 11.427 Thread 0x00000175de512ef0 Exception <a 'java/lang/NoSuchMethodError'{0x00000000d5fb35b8}: 'java.lang.Object java.lang.invoke.Invokers$Holder.linkToTargetMethod(java.lang.Object, java.lang.Object, int, java.lang.Object, java.lang.Object)'> (0x00000000d5fb35b8) 
thrown [s\src\hotspot\share\interpreter\linkResolver.cpp, line 773]
Event: 11.428 Thread 0x00000175de54b1e0 Exception <a 'java/lang/NoSuchMethodError'{0x00000000d5ea5198}: 'java.lang.Object java.lang.invoke.DirectMethodHandle$Holder.invokeSpecial(java.lang.Object, java.lang.Object, int, java.lang.Object, java.lang.Object)'> (0x00000000d5ea5198) 
thrown [s\src\hotspot\share\interpreter\linkResolver.cpp, line 773]
Event: 11.483 Thread 0x00000175de512ef0 Exception <a 'java/lang/NoSuchMethodError'{0x00000000d60bc208}: 'void java.lang.invoke.DirectMethodHandle$Holder.invokeSpecial(java.lang.Object, java.lang.Object, java.lang.Object, java.lang.Object, java.lang.Object)'> (0x00000000d60bc208) 
thrown [s\src\hotspot\share\interpreter\linkResolver.cpp, line 773]

ZGC Phase Switch (0 events):
No events

VM Operations (20 events):
Event: 7.238 Executing non-safepoint VM operation: HandshakeAllThreads (Deoptimize) done
Event: 7.340 Executing safepoint VM operation: ParallelGCFailedAllocation (Allocation Failure)
Event: 7.351 Executing safepoint VM operation: ParallelGCFailedAllocation (Allocation Failure) done
Event: 8.365 Executing safepoint VM operation: Cleanup
Event: 8.381 Executing safepoint VM operation: Cleanup done
Event: 9.382 Executing safepoint VM operation: Cleanup
Event: 9.383 Executing safepoint VM operation: Cleanup done
Event: 9.650 Executing non-safepoint VM operation: HandshakeAllThreads (Deoptimize)
Event: 9.650 Executing non-safepoint VM operation: HandshakeAllThreads (Deoptimize) done
Event: 10.659 Executing safepoint VM operation: Cleanup
Event: 10.659 Executing safepoint VM operation: Cleanup done
Event: 10.733 Executing safepoint VM operation: ParallelGCFailedAllocation (Allocation Failure)
Event: 10.738 Executing safepoint VM operation: ParallelGCFailedAllocation (Allocation Failure) done
Event: 10.902 Executing non-safepoint VM operation: HandshakeAllThreads (Deoptimize)
Event: 10.902 Executing non-safepoint VM operation: HandshakeAllThreads (Deoptimize) done
Event: 11.281 Executing non-safepoint VM operation: HandshakeAllThreads (Deoptimize)
Event: 11.281 Executing non-safepoint VM operation: HandshakeAllThreads (Deoptimize) done
Event: 12.289 Executing safepoint VM operation: Cleanup
Event: 12.582 Executing safepoint VM operation: Cleanup done
Event: 14.586 Executing safepoint VM operation: Cleanup

Memory protections (0 events):
No events

Nmethod flushes (0 events):
No events

Events (20 events):
Event: 0.660 Thread 0x00000175c6474810 Thread added: 0x00000175de512860
Event: 0.995 Thread 0x00000175de289df0 Thread added: 0x00000175de42a7d0
Event: 1.394 Thread 0x00000175de42a7d0 Thread exited: 0x00000175de42a7d0
Event: 2.384 Thread 0x00000175de42b570 Thread exited: 0x00000175de42b570
Event: 2.397 Thread 0x00000175de289df0 Thread added: 0x00000175de42aea0
Event: 2.403 Thread 0x00000175de289df0 Thread added: 0x00000175de42b570
Event: 3.186 Thread 0x00000175de42b570 Thread exited: 0x00000175de42b570
Event: 3.214 Thread 0x00000175de42aea0 Thread exited: 0x00000175de42aea0
Event: 3.222 Thread 0x00000175c6474810 Thread added: 0x00000175de514fc0
Event: 4.178 Thread 0x00000175c6474810 Thread added: 0x00000175de513580
Event: 4.311 Thread 0x00000175de513580 Thread added: 0x00000175de5121d0
Event: 4.325 Thread 0x00000175c6474810 Thread added: 0x00000175de512ef0
Event: 5.609 Thread 0x00000175de512ef0 Thread added: 0x00000175de513c10
Event: 7.189 Thread 0x00000175de512ef0 Thread added: 0x00000175de5142a0
Event: 7.723 Thread 0x00000175de289df0 Thread added: 0x00000175df910410
Event: 8.239 Thread 0x00000175df910410 Thread exited: 0x00000175df910410
Event: 8.879 Thread 0x00000175de512ef0 Thread added: 0x00000175de515650
Event: 11.314 Thread 0x00000175de512ef0 Thread added: 0x00000175de54ab50
Event: 11.389 Thread 0x00000175de512ef0 Thread added: 0x00000175de54b1e0
Event: 11.430 Thread 0x00000175de512ef0 Thread added: 0x00000175de54d2b0


Dynamic libraries:
0x00007ff627d20000 - 0x00007ff627d2e000 	c:\Users\Kavis\.vscode\extensions\redhat.java-1.53.0-win32-x64\jre\21.0.10-win32-x86_64\bin\java.exe
0x00007ffb70740000 - 0x00007ffb709a8000 	C:\WINDOWS\SYSTEM32\ntdll.dll
0x00007ffb6f900000 - 0x00007ffb6f9c9000 	C:\WINDOWS\System32\KERNEL32.DLL
0x00007ffb6e0e0000 - 0x00007ffb6e4d1000 	C:\WINDOWS\System32\KERNELBASE.dll
0x00007ffb6d440000 - 0x00007ffb6d58b000 	C:\WINDOWS\System32\ucrtbase.dll
0x00007ffb5aaa0000 - 0x00007ffb5aabe000 	c:\Users\Kavis\.vscode\extensions\redhat.java-1.53.0-win32-x64\jre\21.0.10-win32-x86_64\bin\VCRUNTIME140.dll
0x00007ffb5aa10000 - 0x00007ffb5aa28000 	c:\Users\Kavis\.vscode\extensions\redhat.java-1.53.0-win32-x64\jre\21.0.10-win32-x86_64\bin\jli.dll
0x00007ffb704b0000 - 0x00007ffb70676000 	C:\WINDOWS\System32\USER32.dll
0x00007ffb6d0d0000 - 0x00007ffb6d0f7000 	C:\WINDOWS\System32\win32u.dll
0x00007ffb4df90000 - 0x00007ffb4e223000 	C:\WINDOWS\WinSxS\amd64_microsoft.windows.common-controls_6595b64144ccf1df_6.0.26100.7824_none_3e0870b2e3345462\COMCTL32.dll
0x00007ffb6ed50000 - 0x00007ffb6edf9000 	C:\WINDOWS\System32\msvcrt.dll
0x00007ffb6fa50000 - 0x00007ffb6fa7b000 	C:\WINDOWS\System32\GDI32.dll
0x00007ffb6d310000 - 0x00007ffb6d43b000 	C:\WINDOWS\System32\gdi32full.dll
0x00007ffb6e030000 - 0x00007ffb6e0d3000 	C:\WINDOWS\System32\msvcp_win.dll
0x00007ffb6ee50000 - 0x00007ffb6ee81000 	C:\WINDOWS\System32\IMM32.DLL
0x00007ffb65370000 - 0x00007ffb6537c000 	c:\Users\Kavis\.vscode\extensions\redhat.java-1.53.0-win32-x64\jre\21.0.10-win32-x86_64\bin\vcruntime140_1.dll
0x00007ffb41fd0000 - 0x00007ffb4205d000 	c:\Users\Kavis\.vscode\extensions\redhat.java-1.53.0-win32-x64\jre\21.0.10-win32-x86_64\bin\msvcp140.dll
0x00007ffadfd20000 - 0x00007ffae0ac1000 	c:\Users\Kavis\.vscode\extensions\redhat.java-1.53.0-win32-x64\jre\21.0.10-win32-x86_64\bin\server\jvm.dll
0x00007ffb6ec90000 - 0x00007ffb6ed44000 	C:\WINDOWS\System32\ADVAPI32.dll
0x00007ffb70070000 - 0x00007ffb70116000 	C:\WINDOWS\System32\sechost.dll
0x00007ffb6fd80000 - 0x00007ffb6fe98000 	C:\WINDOWS\System32\RPCRT4.dll
0x00007ffb6eb70000 - 0x00007ffb6ebe4000 	C:\WINDOWS\System32\WS2_32.dll
0x00007ffb62060000 - 0x00007ffb62095000 	C:\WINDOWS\SYSTEM32\WINMM.dll
0x00007ffb616b0000 - 0x00007ffb616bb000 	C:\WINDOWS\SYSTEM32\VERSION.dll
0x00007ffb6ce80000 - 0x00007ffb6cede000 	C:\WINDOWS\SYSTEM32\POWRPROF.dll
0x00007ffb6ce60000 - 0x00007ffb6ce74000 	C:\WINDOWS\SYSTEM32\UMPDC.dll
0x00007ffb6bdc0000 - 0x00007ffb6bddb000 	C:\WINDOWS\SYSTEM32\kernel.appcore.dll
0x00007ffb5c190000 - 0x00007ffb5c19a000 	c:\Users\Kavis\.vscode\extensions\redhat.java-1.53.0-win32-x64\jre\21.0.10-win32-x86_64\bin\jimage.dll
0x00007ffb6af50000 - 0x00007ffb6b192000 	C:\WINDOWS\SYSTEM32\DBGHELP.DLL
0x00007ffb70120000 - 0x00007ffb704a6000 	C:\WINDOWS\System32\combase.dll
0x00007ffb6fab0000 - 0x00007ffb6fb87000 	C:\WINDOWS\System32\OLEAUT32.dll
0x00007ffb49d60000 - 0x00007ffb49d9b000 	C:\WINDOWS\SYSTEM32\dbgcore.DLL
0x00007ffb6d020000 - 0x00007ffb6d0c5000 	C:\WINDOWS\System32\bcryptPrimitives.dll
0x00007ffb5b1d0000 - 0x00007ffb5b1df000 	c:\Users\Kavis\.vscode\extensions\redhat.java-1.53.0-win32-x64\jre\21.0.10-win32-x86_64\bin\instrument.dll
0x00007ffb58900000 - 0x00007ffb58920000 	c:\Users\Kavis\.vscode\extensions\redhat.java-1.53.0-win32-x64\jre\21.0.10-win32-x86_64\bin\java.dll
0x00007ffb6f1a0000 - 0x00007ffb6f8f2000 	C:\WINDOWS\System32\SHELL32.dll
0x00007ffb6de00000 - 0x00007ffb6df6a000 	C:\WINDOWS\System32\wintypes.dll
0x00007ffb6d590000 - 0x00007ffb6ddf3000 	C:\WINDOWS\System32\windows.storage.dll
0x00007ffb6ea70000 - 0x00007ffb6eb66000 	C:\WINDOWS\System32\SHCORE.dll
0x00007ffb70690000 - 0x00007ffb706f7000 	C:\WINDOWS\System32\shlwapi.dll
0x00007ffb6cf40000 - 0x00007ffb6cf69000 	C:\WINDOWS\SYSTEM32\profapi.dll
0x00007ffb588e0000 - 0x00007ffb588f8000 	c:\Users\Kavis\.vscode\extensions\redhat.java-1.53.0-win32-x64\jre\21.0.10-win32-x86_64\bin\zip.dll
0x00007ffb5b8a0000 - 0x00007ffb5b8b0000 	C:\Users\Kavis\.vscode\extensions\redhat.java-1.53.0-win32-x64\jre\21.0.10-win32-x86_64\bin\net.dll
0x00007ffb61580000 - 0x00007ffb616a7000 	C:\WINDOWS\SYSTEM32\WINHTTP.dll
0x00007ffb6c330000 - 0x00007ffb6c39b000 	C:\WINDOWS\system32\mswsock.dll
0x00007ffb54c00000 - 0x00007ffb54c16000 	C:\Users\Kavis\.vscode\extensions\redhat.java-1.53.0-win32-x64\jre\21.0.10-win32-x86_64\bin\nio.dll
0x00007ffb5acb0000 - 0x00007ffb5acc0000 	c:\Users\Kavis\.vscode\extensions\redhat.java-1.53.0-win32-x64\jre\21.0.10-win32-x86_64\bin\verify.dll
0x00007ffb547b0000 - 0x00007ffb547f5000 	C:\Users\Kavis\AppData\Roaming\Code\User\globalStorage\redhat.java\1.53.0\config_win\org.eclipse.equinox.launcher\org.eclipse.equinox.launcher.win32.win32.x86_64_1.3.0.v20260203-2149\eclipse_11919.dll
0x00007ffb6ee90000 - 0x00007ffb6f027000 	C:\WINDOWS\System32\ole32.dll
0x00007ffb6c600000 - 0x00007ffb6c61b000 	C:\WINDOWS\SYSTEM32\CRYPTSP.dll
0x00007ffb6bd20000 - 0x00007ffb6bd59000 	C:\WINDOWS\system32\rsaenh.dll
0x00007ffb6c3e0000 - 0x00007ffb6c40b000 	C:\WINDOWS\SYSTEM32\USERENV.dll
0x00007ffb6cf10000 - 0x00007ffb6cf3a000 	C:\WINDOWS\SYSTEM32\bcrypt.dll
0x00007ffb6c620000 - 0x00007ffb6c62c000 	C:\WINDOWS\SYSTEM32\CRYPTBASE.dll
0x00007ffb6b7a0000 - 0x00007ffb6b7d4000 	C:\WINDOWS\SYSTEM32\IPHLPAPI.DLL
0x00007ffb6ec80000 - 0x00007ffb6ec8a000 	C:\WINDOWS\System32\NSI.dll
0x00007ffb5af20000 - 0x00007ffb5af69000 	C:\Users\Kavis\AppData\Local\Temp\jna-72270570\jna12239541977988661108.dll
0x00007ffb70680000 - 0x00007ffb70688000 	C:\WINDOWS\System32\PSAPI.DLL

JVMTI agents:
c:\Users\Kavis\.vscode\extensions\redhat.java-1.53.0-win32-x64\lombok\lombok-1.18.39-4050.jar path:c:\Users\Kavis\.vscode\extensions\redhat.java-1.53.0-win32-x64\jre\21.0.10-win32-x86_64\bin\instrument.dll, loaded, initialized, instrumentlib options:none

dbghelp: loaded successfully - version: 4.0.5 - missing functions: none
symbol engine: initialized successfully - sym options: 0x614 - pdb path: .;c:\Users\Kavis\.vscode\extensions\redhat.java-1.53.0-win32-x64\jre\21.0.10-win32-x86_64\bin;C:\WINDOWS\SYSTEM32;C:\WINDOWS\WinSxS\amd64_microsoft.windows.common-controls_6595b64144ccf1df_6.0.26100.7824_none_3e0870b2e3345462;c:\Users\Kavis\.vscode\extensions\redhat.java-1.53.0-win32-x64\jre\21.0.10-win32-x86_64\bin\server;C:\Users\Kavis\AppData\Roaming\Code\User\globalStorage\redhat.java\1.53.0\config_win\org.eclipse.equinox.launcher\org.eclipse.equinox.launcher.win32.win32.x86_64_1.3.0.v20260203-2149;C:\Users\Kavis\AppData\Local\Temp\jna-72270570

VM Arguments:
jvm_args: --add-modules=ALL-SYSTEM --add-opens=java.base/java.util=ALL-UNNAMED --add-opens=java.base/java.lang=ALL-UNNAMED --add-opens=java.base/sun.nio.fs=ALL-UNNAMED -Declipse.application=org.eclipse.jdt.ls.core.id1 -Dosgi.bundles.defaultStartLevel=4 -Declipse.product=org.eclipse.jdt.ls.core.product -Djava.import.generatesMetadataFilesAtProjectRoot=false -DDetectVMInstallationsJob.disabled=true -Dfile.encoding=utf8 -XX:+UseParallelGC -XX:GCTimeRatio=4 -XX:AdaptiveSizePolicyWeight=90 -Dsun.zip.disableMemoryMapping=true -Xmx2G -Xms100m -Xlog:disable -javaagent:c:\Users\Kavis\.vscode\extensions\redhat.java-1.53.0-win32-x64\lombok\lombok-1.18.39-4050.jar -XX:+HeapDumpOnOutOfMemoryError -XX:HeapDumpPath=c:\Users\Kavis\AppData\Roaming\Code\User\workspaceStorage\7b2d75ff63603fdca34be7f1c85b3697\redhat.java -Daether.dependencyCollector.impl=bf 
java_command: c:\Users\Kavis\.vscode\extensions\redhat.java-1.53.0-win32-x64\server\plugins\org.eclipse.equinox.launcher_1.7.100.v20251111-0406.jar -configuration c:\Users\Kavis\AppData\Roaming\Code\User\globalStorage\redhat.java\1.53.0\config_win -data c:\Users\Kavis\AppData\Roaming\Code\User\workspaceStorage\7b2d75ff63603fdca34be7f1c85b3697\redhat.java\jdt_ws --pipe=\\.\pipe\lsp-ceee3a38eed09e793f2884cf4ffc71e4-sock
java_class_path (initial): c:\Users\Kavis\.vscode\extensions\redhat.java-1.53.0-win32-x64\server\plugins\org.eclipse.equinox.launcher_1.7.100.v20251111-0406.jar
Launcher Type: SUN_STANDARD

[Global flags]
    uintx AdaptiveSizePolicyWeight                 = 90                                        {product} {command line}
     intx CICompilerCount                          = 4                                         {product} {ergonomic}
    uintx GCTimeRatio                              = 4                                         {product} {command line}
     bool HeapDumpOnOutOfMemoryError               = true                                   {manageable} {command line}
    ccstr HeapDumpPath                             = c:\Users\Kavis\AppData\Roaming\Code\User\workspaceStorage\7b2d75ff63603fdca34be7f1c85b3697\redhat.java         {manageable} {command line}
   size_t InitialHeapSize                          = 104857600                                 {product} {command line}
   size_t MaxHeapSize                              = 2147483648                                {product} {command line}
   size_t MaxNewSize                               = 715653120                                 {product} {ergonomic}
   size_t MinHeapDeltaBytes                        = 524288                                    {product} {ergonomic}
   size_t MinHeapSize                              = 104857600                                 {product} {command line}
   size_t NewSize                                  = 34603008                                  {product} {ergonomic}
    uintx NonNMethodCodeHeapSize                   = 5839372                                {pd product} {ergonomic}
    uintx NonProfiledCodeHeapSize                  = 122909434                              {pd product} {ergonomic}
   size_t OldSize                                  = 70254592                                  {product} {ergonomic}
    uintx ProfiledCodeHeapSize                     = 122909434                              {pd product} {ergonomic}
    uintx ReservedCodeCacheSize                    = 251658240                              {pd product} {ergonomic}
     bool SegmentedCodeCache                       = true                                      {product} {ergonomic}
   size_t SoftMaxHeapSize                          = 2147483648                             {manageable} {ergonomic}
     bool UseCompressedOops                        = true                           {product lp64_product} {ergonomic}
     bool UseLargePagesIndividualAllocation        = false                                  {pd product} {ergonomic}
     bool UseParallelGC                            = true                                      {product} {command line}

Logging:
Log output configuration:
 #0: stdout all=off uptime,level,tags foldmultilines=false
 #1: stderr all=off uptime,level,tags foldmultilines=false

Release file:
JAVA_VERSION="21.0.10" 
MODULES="java.base java.compiler java.datatransfer java.xml java.prefs java.desktop java.instrument java.logging java.management java.security.sasl java.naming java.rmi java.management.rmi java.net.http java.scripting java.security.jgss java.transaction.xa java.sql java.sql.rowset java.xml.crypto java.se java.smartcardio jdk.accessibility jdk.internal.jvmstat jdk.attach jdk.charsets jdk.internal.opt jdk.zipfs jdk.compiler jdk.crypto.ec jdk.crypto.cryptoki jdk.crypto.mscapi jdk.dynalink jdk.internal.ed jdk.editpad jdk.hotspot.agent jdk.httpserver jdk.internal.le jdk.internal.vm.ci jdk.internal.vm.compiler jdk.internal.vm.compiler.management jdk.jartool jdk.javadoc jdk.jcmd jdk.management jdk.management.agent jdk.jconsole jdk.jdeps jdk.jdwp.agent jdk.jdi jdk.jfr jdk.jshell jdk.jsobject jdk.jstatd jdk.localedata jdk.management.jfr jdk.naming.dns jdk.naming.rmi jdk.net jdk.nio.mapmode jdk.random jdk.sctp jdk.security.auth jdk.security.jgss jdk.unsupported jdk.unsupported.desktop jdk.xml.dom" 

Environment Variables:
JAVA_HOME=C:\Program Files\Java\jdk-17
PATH=C:\Python314\Scripts\;C:\Python314\;C:\Program Files\Common Files\Oracle\Java\javapath;C:\Program Files\Python312\Scripts\;C:\Program Files\Python312\;C:\WINDOWS\system32;C:\WINDOWS;C:\WINDOWS\System32\Wbem;C:\WINDOWS\System32\WindowsPowerShell\v1.0\;C:\WINDOWS\System32\OpenSSH\;C:\Program Files\dotnet\;C:\ProgramData\chocolatey\bin;C:\Program Files (x86)\NVIDIA Corporation\PhysX\Common;C:\Program Files\Microsoft\Web Platform Installer\;C:\Program Files (x86)\Microsoft ASP.NET\ASP.NET Web Pages\v1.0\;C:\Program Files\Microsoft SQL Server\110\Tools\Binn\;C:\Program Files\Microsoft SQL Server\120\Tools\Binn\;C:\Program Files\Microsoft SQL Server\130\Tools\Binn\;C:\Program Files\Microsoft SQL Server\150\Tools\Binn\;C:\WINDOWS\system32;C:\WINDOWS;C:\WINDOWS\System32\Wbem;C:\WINDOWS\System32\WindowsPowerShell\v1.0\;C:\WINDOWS\System32\OpenSSH\;C:\Program Files\NVIDIA Corporation\NVIDIA App\NvDLISR;C:\Program Files\CMake\bin;C:\php;C:\Program Files\CodeBlocks\MinGW\bin;C:\NASM;C:\Program Files\Docker\Docker\resources\bin;C:\flutter\bin;C:\adb\platform-tools;C:\apache-cassandra-3.11.10\bin;C:\Program Files\MongoDB\Server\8.0\bin;C:\Python313\Scripts\;C:\Python313\;C:\Program Files\Python312\Scripts\;C:\Program Files\Python312\;C:\WINDOWS\system32;C:\WINDOWS;C:\WINDOWS\System32\Wbem;C:\WINDOWS\System32\WindowsPowerShell\v1.0\;C:\WINDOWS\System32\OpenSSH\;C:\Program Files\dotnet\;C:\ProgramData\chocolatey\bin;C:\Program Files (x86)\NVIDIA Corporation\PhysX\Common;C:\Program Files\Microsoft\Web Platform Installer\;C:\Program Files (x86)\Microsoft ASP.NET\ASP.NET Web Pages\v1.0\;C:\Program Files\Microsoft SQL Server\110\Tools\Binn\;C:\Program Files\Microsoft SQL Server\120\Tools\Binn\;C:\Program Files\Microsoft SQL Server\130\Tools\Binn\;C:\Program Files\Microsoft SQL Server\150\Tools\Binn\;C:\WINDOWS\system32;C:\WINDOWS;C:\WINDOWS\System32\Wbem;C:\WINDOWS\System32\WindowsPowerShell\v1.0\;C:\WINDOWS\System32\OpenSSH\;C:\Program Files\NVIDIA Corporation\NVIDIA App\NvDLISR;C:\Program Files\CMake\bi;C:\Users\Kavis\AppData\Local\ipinfo;C:\Program Files\Java\jdk-21\bin;C:\Program Files\apache-maven-3.9.11\bin;C:\Users\Kavis\AppData\Local\Pub\Cache\bin;C:\Program Files\nvm;C:\Program Files\nodejs;C:\Program Files\nvm;C:\Program Files\Microsoft SQL Server\170\Tools\Binn\;C:\Program Files\Microsoft SQL Server\Client SDK\ODBC\170\Tools\Binn\;D:\Microchip Studio\bin;C:\Program Files\PuTTY\;C:\Program Files\Git\cmd;C:\Program Files\Go\bin;C:\Program Files\nodejs\;C:\Users\Kavis\AppData\Local\Programs\Python\Python313\Scripts\;C:\Users\Kavis\AppData\Local\Programs\Python\Python313\;C:\Program Files\Eclipse Adoptium\jdk-21.0.8.9-hotspot\bin;C:\Python313\Scripts\;C:\Python313\;C:\Program Files\Eclipse Adoptium\jdk-17.0.15.6-hotspot\bin;C:\Program Files\Python312\Scripts\;C:\Program Files\Python312\;C:\WINDOWS\system32;C:\WINDOWS;C:\WINDOWS\System32\Wbem;C:\WINDOWS\System32\WindowsPowerShell\v1.0\;C:\WINDOWS\System32\OpenSSH\;C:\Program Files\dotnet\;C:\ProgramData\chocolatey\bin;C:\Program Files (x86)\NVIDIA Corporation\PhysX\Common;C:\Program Files\Microsoft\Web Platform Installer\;C:\Program Files (x86)\Microsoft ASP.NET\ASP.NET Web Pages\v1.0\;C:\Program Files\Microsoft SQL Server\110\Tools\Binn\;C:\Program Files\Microsoft SQL Server\120\Tools\Binn\;C:\Program Files\Microsoft SQL Server\130\Tools\Binn\;C:\Program Files\Git\cmd;C:\Program Files\Microsoft SQL Server\150\Tools\Binn\;C:\WINDOWS\system32;C:\WINDOWS;C:\WINDOWS\System32\Wbem;C:\WINDOWS\System32\WindowsPowerShell\v1.0\;C:\WINDOWS\System32\OpenSSH\;C:\Program Files\NVIDIA Corporation\NVIDIA App\NvDLISR;C:\Program Files\CMake\bi;C:\Users\Kavis\AppData\Local\GitHubDesktop\bin;C:\Program Files\nvm;C:\Program Files\nodejs;C:\Users\Kavis\.dotnet\tools;C:\Users\Kavis\AppData\Local\Python\bin;C:\Users\Kavis\go\bin;C:\Program Files\Go\bin;C:\Program Files\Java\jdk-17\bin;C:\Users\Kavis\AppData\Roaming\npm;D:\Nmap;C:\Tools\ffuf;
USERNAME=Kavis
OS=Windows_NT
PROCESSOR_IDENTIFIER=Intel64 Family 6 Model 154 Stepping 4, GenuineIntel
TMP=C:\Users\Kavis\AppData\Local\Temp
TEMP=C:\Users\Kavis\AppData\Local\Temp




Periodic native trim disabled

---------------  S Y S T E M  ---------------

OS:
 Windows 11 , 64 bit Build 26100 (10.0.26100.7705)
OS uptime: 0 days 1:39 hours
Hyper-V role detected

CPU: total 12 (initial active 12) (6 cores per cpu, 2 threads per core) family 6 model 154 stepping 4 microcode 0x423, cx8, cmov, fxsr, ht, mmx, 3dnowpref, sse, sse2, sse3, ssse3, sse4.1, sse4.2, popcnt, lzcnt, tsc, tscinvbit, avx, avx2, aes, erms, clmul, bmi1, bmi2, adx, sha, fma, vzeroupper, clflush, clflushopt, clwb, hv, serialize, rdtscp, rdpid, fsrm, f16c, cet_ibt, cet_ss
Processor Information for processor 0
  Max Mhz: 1300, Current Mhz: 1300, Mhz Limit: 1300
Processor Information for processor 1
  Max Mhz: 1300, Current Mhz: 1300, Mhz Limit: 1300
Processor Information for processor 2
  Max Mhz: 1300, Current Mhz: 1300, Mhz Limit: 1300
Processor Information for processor 3
  Max Mhz: 1300, Current Mhz: 1300, Mhz Limit: 1300
Processor Information for processor 4
  Max Mhz: 1300, Current Mhz: 900, Mhz Limit: 897
Processor Information for processor 5
  Max Mhz: 1300, Current Mhz: 900, Mhz Limit: 897
Processor Information for processor 6
  Max Mhz: 1300, Current Mhz: 900, Mhz Limit: 897
Processor Information for processor 7
  Max Mhz: 1300, Current Mhz: 900, Mhz Limit: 897
Processor Information for processor 8
  Max Mhz: 1300, Current Mhz: 900, Mhz Limit: 897
Processor Information for processor 9
  Max Mhz: 1300, Current Mhz: 900, Mhz Limit: 897
Processor Information for processor 10
  Max Mhz: 1300, Current Mhz: 900, Mhz Limit: 897
Processor Information for processor 11
  Max Mhz: 1300, Current Mhz: 900, Mhz Limit: 897

Memory: 4k page, system-wide physical 7896M (1037M free)
TotalPageFile size 17896M (AvailPageFile size 131M)
current process WorkingSet (physical memory assigned to process): 138M, peak: 139M
current process commit charge ("private bytes"): 284M, peak: 285M

vm_info: OpenJDK 64-Bit Server VM (21.0.10+7-LTS) for windows-amd64 JRE (21.0.10+7-LTS), built on 2026-01-20T00:00:00Z by "admin" with MS VC++ 17.12 (VS2022)

END.
