#
# There is insufficient memory for the Java Runtime Environment to continue.
# Native memory allocation (malloc) failed to allocate 1854704 bytes. Error detail: Chunk::new
# Possible reasons:
#   The system is out of physical RAM or swap space
#   This process is running with CompressedOops enabled, and the Java Heap may be blocking the growth of the native heap
# Possible solutions:
#   Reduce memory load on the system
#   Increase physical memory or swap space
#   Check if swap backing store is full
#   Decrease Java heap size (-Xmx/-Xms)
#   Decrease number of Java threads
#   Decrease Java thread stack sizes (-Xss)
#   Set larger code cache with -XX:ReservedCodeCacheSize=
#   JVM is running with Unscaled Compressed Oops mode in which the Java heap is
#     placed in the first 4GB address space. The Java Heap base address is the
#     maximum limit for the native heap growth. Please use -XX:HeapBaseMinAddress
#     to set the Java Heap base and to place the Java Heap above 4GB virtual address.
# This output file may be truncated or incomplete.
#
#  Out of Memory Error (arena.cpp:168), pid=16624, tid=4340
#
# JRE version: OpenJDK Runtime Environment Temurin-21.0.10+7 (21.0.10+7) (build 21.0.10+7-LTS)
# Java VM: OpenJDK 64-Bit Server VM Temurin-21.0.10+7 (21.0.10+7-LTS, mixed mode, sharing, tiered, compressed oops, compressed class ptrs, parallel gc, windows-amd64)
# No core dump will be written. Minidumps are not enabled by default on client versions of Windows
#

---------------  S U M M A R Y ------------

Command Line: --add-modules=ALL-SYSTEM --add-opens=java.base/java.util=ALL-UNNAMED --add-opens=java.base/java.lang=ALL-UNNAMED --add-opens=java.base/sun.nio.fs=ALL-UNNAMED -Declipse.application=org.eclipse.jdt.ls.core.id1 -Dosgi.bundles.defaultStartLevel=4 -Declipse.product=org.eclipse.jdt.ls.core.product -Djava.import.generatesMetadataFilesAtProjectRoot=false -DDetectVMInstallationsJob.disabled=true -Dfile.encoding=utf8 -XX:+UseParallelGC -XX:GCTimeRatio=4 -XX:AdaptiveSizePolicyWeight=90 -Dsun.zip.disableMemoryMapping=true -Xmx2G -Xms100m -Xlog:disable -javaagent:c:\Users\Kavis\.vscode\extensions\redhat.java-1.53.0-win32-x64\lombok\lombok-1.18.39-4050.jar -XX:+HeapDumpOnOutOfMemoryError -XX:HeapDumpPath=c:\Users\Kavis\AppData\Roaming\Code\User\workspaceStorage\7b2d75ff63603fdca34be7f1c85b3697\redhat.java -Daether.dependencyCollector.impl=bf c:\Users\Kavis\.vscode\extensions\redhat.java-1.53.0-win32-x64\server\plugins\org.eclipse.equinox.launcher_1.7.100.v20251111-0406.jar -configuration c:\Users\Kavis\AppData\Roaming\Code\User\globalStorage\redhat.java\1.53.0\config_win -data c:\Users\Kavis\AppData\Roaming\Code\User\workspaceStorage\7b2d75ff63603fdca34be7f1c85b3697\redhat.java\jdt_ws --pipe=\\.\pipe\lsp-30e48f1c9a80c1a5eda008baebb22c78-sock

Host: 12th Gen Intel(R) Core(TM) i5-1235U, 12 cores, 7G,  Windows 11 , 64 bit Build 26100 (10.0.26100.7705)
Time: Thu Sep 24 23:31:51 2026 Sri Lanka Standard Time elapsed time: 24.113480 seconds (0d 0h 0m 24s)

---------------  T H R E A D  ---------------

Current thread (0x000001d2f87f4e40):  JavaThread "C2 CompilerThread1" daemon [_thread_in_native, id=4340, stack(0x0000002bc8800000,0x0000002bc8900000) (1024K)]


Current CompileTask:
C2:24113 5147   !   4       org.eclipse.osgi.internal.loader.classpath.ClasspathManager::findClassImpl (328 bytes)

Stack: [0x0000002bc8800000,0x0000002bc8900000]
Native frames: (J=compiled Java code, j=interpreted, Vv=VM code, C=native code)
V  [jvm.dll+0x6d7a39]
V  [jvm.dll+0x8b4b26]
V  [jvm.dll+0x8b70de]
V  [jvm.dll+0x8b77c3]
V  [jvm.dll+0x284346]
V  [jvm.dll+0xc66ed]
V  [jvm.dll+0xc6c31]
V  [jvm.dll+0x3bec3b]
V  [jvm.dll+0x38b162]
V  [jvm.dll+0x38a5aa]
V  [jvm.dll+0x24c560]
V  [jvm.dll+0x24bb40]
V  [jvm.dll+0x1cb34e]
V  [jvm.dll+0x25b85d]
V  [jvm.dll+0x259dea]
V  [jvm.dll+0x3f857e]
V  [jvm.dll+0x85f59d]
V  [jvm.dll+0x6d626d]
C  [ucrtbase.dll+0x37b0]
C  [KERNEL32.DLL+0x2e8d7]
C  [ntdll.dll+0x8c40c]


---------------  P R O C E S S  ---------------

Threads class SMR info:
_java_thread_list=0x000001d2fa29acc0, length=54, elements={
0x000001d2d89e4340, 0x000001d2d8978fe0, 0x000001d2d897af10, 0x000001d2d897e0a0,
0x000001d2d897ff90, 0x000001d2d8982f10, 0x000001d2d8983970, 0x000001d2d89867c0,
0x000001d2d898bde0, 0x000001d2f0998c00, 0x000001d2f08cec20, 0x000001d2f198d8f0,
0x000001d2f1979dd0, 0x000001d2f1d4c040, 0x000001d2f1d4ca80, 0x000001d2f651d2a0,
0x000001d2f092e2f0, 0x000001d2f0aabe60, 0x000001d2f6862410, 0x000001d2f6861d80,
0x000001d2f68616f0, 0x000001d2f6862aa0, 0x000001d2f87f4e40, 0x000001d2f68644e0,
0x000001d2f6863130, 0x000001d2f6861060, 0x000001d2f68637c0, 0x000001d2f6863e50,
0x000001d2f87b29d0, 0x000001d2f87b3060, 0x000001d2f87b2340, 0x000001d2f87b36f0,
0x000001d2f87b0270, 0x000001d2f87b1620, 0x000001d2f87b3d80, 0x000001d2f87b0900,
0x000001d2f87b4410, 0x000001d2f87b0f90, 0x000001d2f87b5130, 0x000001d2f87b1cb0,
0x000001d2f87b57c0, 0x000001d2f87b7200, 0x000001d2f87b5e50, 0x000001d2f87b64e0,
0x000001d2f87b6b70, 0x000001d2f87b4aa0, 0x000001d2f87b7890, 0x000001d2f6f11c10,
0x000001d2f6f122a0, 0x000001d2f6f14370, 0x000001d2f6f12930, 0x000001d2f6f12fc0,
0x000001d2f6f10ef0, 0x000001d2f75d2f80
}

Java Threads: ( => current thread )
  0x000001d2d89e4340 JavaThread "main"                              [_thread_blocked, id=13624, stack(0x0000002bc6700000,0x0000002bc6800000) (1024K)]
  0x000001d2d8978fe0 JavaThread "Reference Handler"          daemon [_thread_blocked, id=17988, stack(0x0000002bc6b00000,0x0000002bc6c00000) (1024K)]
  0x000001d2d897af10 JavaThread "Finalizer"                  daemon [_thread_blocked, id=19304, stack(0x0000002bc6c00000,0x0000002bc6d00000) (1024K)]
  0x000001d2d897e0a0 JavaThread "Signal Dispatcher"          daemon [_thread_blocked, id=19088, stack(0x0000002bc6d00000,0x0000002bc6e00000) (1024K)]
  0x000001d2d897ff90 JavaThread "Attach Listener"            daemon [_thread_blocked, id=10024, stack(0x0000002bc6e00000,0x0000002bc6f00000) (1024K)]
  0x000001d2d8982f10 JavaThread "Service Thread"             daemon [_thread_blocked, id=15256, stack(0x0000002bc6f00000,0x0000002bc7000000) (1024K)]
  0x000001d2d8983970 JavaThread "Monitor Deflation Thread"   daemon [_thread_blocked, id=3724, stack(0x0000002bc7000000,0x0000002bc7100000) (1024K)]
  0x000001d2d89867c0 JavaThread "C2 CompilerThread0"         daemon [_thread_in_native, id=19388, stack(0x0000002bc7100000,0x0000002bc7200000) (1024K)]
  0x000001d2d898bde0 JavaThread "C1 CompilerThread0"         daemon [_thread_in_native, id=10696, stack(0x0000002bc7200000,0x0000002bc7300000) (1024K)]
  0x000001d2f0998c00 JavaThread "Common-Cleaner"             daemon [_thread_blocked, id=17572, stack(0x0000002bc7400000,0x0000002bc7500000) (1024K)]
  0x000001d2f08cec20 JavaThread "Notification Thread"        daemon [_thread_blocked, id=1488, stack(0x0000002bc7300000,0x0000002bc7400000) (1024K)]
  0x000001d2f198d8f0 JavaThread "Active Thread: Equinox Container: 6b201c9e-bee8-4906-b04d-ca2aef026162"        [_thread_blocked, id=16024, stack(0x0000002bc7500000,0x0000002bc7600000) (1024K)]
  0x000001d2f1979dd0 JavaThread "Refresh Thread: Equinox Container: 6b201c9e-bee8-4906-b04d-ca2aef026162" daemon [_thread_blocked, id=8476, stack(0x0000002bc7e00000,0x0000002bc7f00000) (1024K)]
  0x000001d2f1d4c040 JavaThread "Framework Event Dispatcher: Equinox Container: 6b201c9e-bee8-4906-b04d-ca2aef026162" daemon [_thread_blocked, id=2776, stack(0x0000002bc7f00000,0x0000002bc8000000) (1024K)]
  0x000001d2f1d4ca80 JavaThread "Start Level: Equinox Container: 6b201c9e-bee8-4906-b04d-ca2aef026162" daemon [_thread_blocked, id=18212, stack(0x0000002bc8000000,0x0000002bc8100000) (1024K)]
  0x000001d2f651d2a0 JavaThread "Bundle File Closer"         daemon [_thread_blocked, id=5816, stack(0x0000002bc8300000,0x0000002bc8400000) (1024K)]
  0x000001d2f092e2f0 JavaThread "SCR Component Actor"        daemon [_thread_blocked, id=5472, stack(0x0000002bc7d00000,0x0000002bc7e00000) (1024K)]
  0x000001d2f0aabe60 JavaThread "Worker-JM"                         [_thread_blocked, id=11544, stack(0x0000002bc8500000,0x0000002bc8600000) (1024K)]
  0x000001d2f6862410 JavaThread "JNA Cleaner"                daemon [_thread_blocked, id=6972, stack(0x0000002bc8400000,0x0000002bc8500000) (1024K)]
  0x000001d2f6861d80 JavaThread "Worker-0: Repository registry initialization"        [_thread_in_Java, id=11128, stack(0x0000002bc8600000,0x0000002bc8700000) (1024K)]
  0x000001d2f68616f0 JavaThread "Worker-1: Initialize After Load"        [_thread_blocked, id=8888, stack(0x0000002bc8700000,0x0000002bc8800000) (1024K)]
  0x000001d2f6862aa0 JavaThread "Worker-2: Updating Maven Dependencies"        [_thread_blocked, id=1540, stack(0x0000002bc8900000,0x0000002bc8a00000) (1024K)]
=>0x000001d2f87f4e40 JavaThread "C2 CompilerThread1"         daemon [_thread_in_native, id=4340, stack(0x0000002bc8800000,0x0000002bc8900000) (1024K)]
  0x000001d2f68644e0 JavaThread "Java indexing"              daemon [_thread_blocked, id=14432, stack(0x0000002bc8a00000,0x0000002bc8b00000) (1024K)]
  0x000001d2f6863130 JavaThread "Worker-3: Synchronize Gradle projects with workspace"        [_thread_blocked, id=13172, stack(0x0000002bc8b00000,0x0000002bc8c00000) (1024K)]
  0x000001d2f6861060 JavaThread "Worker-4: Synchronize Gradle projects with workspace"        [_thread_blocked, id=2752, stack(0x0000002bc8e00000,0x0000002bc8f00000) (1024K)]
  0x000001d2f68637c0 JavaThread "Worker-5: Synchronize Gradle projects with workspace"        [_thread_blocked, id=11148, stack(0x0000002bc8f00000,0x0000002bc9000000) (1024K)]
  0x000001d2f6863e50 JavaThread "Thread-1"                   daemon [_thread_in_native, id=5952, stack(0x0000002bc9000000,0x0000002bc9100000) (1024K)]
  0x000001d2f87b29d0 JavaThread "Thread-2"                   daemon [_thread_in_native, id=16984, stack(0x0000002bc9100000,0x0000002bc9200000) (1024K)]
  0x000001d2f87b3060 JavaThread "Thread-3"                   daemon [_thread_in_native, id=3192, stack(0x0000002bc9200000,0x0000002bc9300000) (1024K)]
  0x000001d2f87b2340 JavaThread "Thread-4"                   daemon [_thread_in_native, id=1752, stack(0x0000002bc9300000,0x0000002bc9400000) (1024K)]
  0x000001d2f87b36f0 JavaThread "Thread-5"                   daemon [_thread_in_native, id=3036, stack(0x0000002bc9400000,0x0000002bc9500000) (1024K)]
  0x000001d2f87b0270 JavaThread "Thread-6"                   daemon [_thread_in_native, id=17128, stack(0x0000002bc9500000,0x0000002bc9600000) (1024K)]
  0x000001d2f87b1620 JavaThread "Thread-7"                   daemon [_thread_in_native, id=18712, stack(0x0000002bc9600000,0x0000002bc9700000) (1024K)]
  0x000001d2f87b3d80 JavaThread "Thread-8"                   daemon [_thread_in_native, id=16080, stack(0x0000002bc9700000,0x0000002bc9800000) (1024K)]
  0x000001d2f87b0900 JavaThread "Thread-9"                   daemon [_thread_in_native, id=7464, stack(0x0000002bc9800000,0x0000002bc9900000) (1024K)]
  0x000001d2f87b4410 JavaThread "Thread-10"                  daemon [_thread_in_native, id=15952, stack(0x0000002bc9900000,0x0000002bc9a00000) (1024K)]
  0x000001d2f87b0f90 JavaThread "Thread-11"                  daemon [_thread_in_native, id=4264, stack(0x0000002bc9a00000,0x0000002bc9b00000) (1024K)]
  0x000001d2f87b5130 JavaThread "Thread-12"                  daemon [_thread_in_native, id=17488, stack(0x0000002bc9b00000,0x0000002bc9c00000) (1024K)]
  0x000001d2f87b1cb0 JavaThread "Thread-13"                  daemon [_thread_in_native, id=13816, stack(0x0000002bc9c00000,0x0000002bc9d00000) (1024K)]
  0x000001d2f87b57c0 JavaThread "pool-2-thread-1"                   [_thread_blocked, id=19108, stack(0x0000002bc9d00000,0x0000002bc9e00000) (1024K)]
  0x000001d2f87b7200 JavaThread "Worker-6"                          [_thread_blocked, id=18804, stack(0x0000002bc9e00000,0x0000002bc9f00000) (1024K)]
  0x000001d2f87b5e50 JavaThread "Timer-2"                           [_thread_blocked, id=5068, stack(0x0000002bc9f00000,0x0000002bca000000) (1024K)]
  0x000001d2f87b64e0 JavaThread "Timer-1"                           [_thread_blocked, id=18820, stack(0x0000002bca000000,0x0000002bca100000) (1024K)]
  0x000001d2f87b6b70 JavaThread "Timer-0"                           [_thread_blocked, id=18128, stack(0x0000002bca100000,0x0000002bca200000) (1024K)]
  0x000001d2f87b4aa0 JavaThread "Timer-3"                           [_thread_blocked, id=10948, stack(0x0000002bca200000,0x0000002bca300000) (1024K)]
  0x000001d2f87b7890 JavaThread "Timer-4"                           [_thread_blocked, id=15240, stack(0x0000002bca300000,0x0000002bca400000) (1024K)]
  0x000001d2f6f11c10 JavaThread "Timer-5"                           [_thread_blocked, id=2524, stack(0x0000002bca400000,0x0000002bca500000) (1024K)]
  0x000001d2f6f122a0 JavaThread "WorkspaceEventsHandler"            [_thread_blocked, id=792, stack(0x0000002bca500000,0x0000002bca600000) (1024K)]
  0x000001d2f6f14370 JavaThread "pool-1-thread-1"                   [_thread_in_native, id=6052, stack(0x0000002bca600000,0x0000002bca700000) (1024K)]
  0x000001d2f6f12930 JavaThread "Connection worker"                 [_thread_in_Java, id=2044, stack(0x0000002bca700000,0x0000002bca800000) (1024K)]
  0x000001d2f6f12fc0 JavaThread "Connection worker"                 [_thread_blocked, id=7216, stack(0x0000002bca800000,0x0000002bca900000) (1024K)]
  0x000001d2f6f10ef0 JavaThread "Connection worker"                 [_thread_blocked, id=11244, stack(0x0000002bca900000,0x0000002bcaa00000) (1024K)]
  0x000001d2f75d2f80 JavaThread "C2 CompilerThread2"         daemon [_thread_in_native, id=16532, stack(0x0000002bcaa00000,0x0000002bcab00000) (1024K)]
Total: 54

Other Threads:
  0x000001d2d8a86c20 VMThread "VM Thread"                           [id=1928, stack(0x0000002bc6a00000,0x0000002bc6b00000) (1024K)]
  0x000001d2d886ca00 WatcherThread "VM Periodic Task Thread"        [id=18316, stack(0x0000002bc6900000,0x0000002bc6a00000) (1024K)]
  0x000001d2d8a03b30 WorkerThread "GC Thread#0"                     [id=15712, stack(0x0000002bc6800000,0x0000002bc6900000) (1024K)]
  0x000001d2f1c529d0 WorkerThread "GC Thread#1"                     [id=4200, stack(0x0000002bc7600000,0x0000002bc7700000) (1024K)]
  0x000001d2f1815730 WorkerThread "GC Thread#2"                     [id=6168, stack(0x0000002bc7700000,0x0000002bc7800000) (1024K)]
  0x000001d2f1aa9890 WorkerThread "GC Thread#3"                     [id=17568, stack(0x0000002bc7800000,0x0000002bc7900000) (1024K)]
  0x000001d2f1c4d770 WorkerThread "GC Thread#4"                     [id=13328, stack(0x0000002bc7900000,0x0000002bc7a00000) (1024K)]
  0x000001d2f1c4db20 WorkerThread "GC Thread#5"                     [id=1936, stack(0x0000002bc7a00000,0x0000002bc7b00000) (1024K)]
  0x000001d2f1c4ded0 WorkerThread "GC Thread#6"                     [id=5964, stack(0x0000002bc7b00000,0x0000002bc7c00000) (1024K)]
  0x000001d2f61e1060 WorkerThread "GC Thread#7"                     [id=17080, stack(0x0000002bc7c00000,0x0000002bc7d00000) (1024K)]
  0x000001d2f6748740 WorkerThread "GC Thread#8"                     [id=10452, stack(0x0000002bc8100000,0x0000002bc8200000) (1024K)]
  0x000001d2f6748af0 WorkerThread "GC Thread#9"                     [id=8916, stack(0x0000002bc8200000,0x0000002bc8300000) (1024K)]
Total: 12

Threads with active compile tasks:
C2 CompilerThread0  24148 5256       4       org.eclipse.osgi.internal.serviceregistry.ServiceRegistry::notifyHooksPrivileged (57 bytes)
C2 CompilerThread1  24148 5147   !   4       org.eclipse.osgi.internal.loader.classpath.ClasspathManager::findClassImpl (328 bytes)
C2 CompilerThread2  24148 5315   !   4       org.eclipse.osgi.internal.loader.classpath.ClasspathManager::findLocalClass (210 bytes)
Total: 3

VM state: not at safepoint (normal execution)

VM Mutex/Monitor currently owned by a thread: None

Heap address: 0x0000000080000000, size: 2048 MB, Compressed Oops mode: 32-bit

CDS archive(s) mapped at: [0x000001d280000000-0x000001d280ba0000-0x000001d280ba0000), size 12189696, SharedBaseAddress: 0x000001d280000000, ArchiveRelocationMode: 1.
Compressed class space mapped at: 0x000001d281000000-0x000001d2c1000000, reserved size: 1073741824
Narrow klass base: 0x000001d280000000, Narrow klass shift: 0, Narrow klass range: 0x100000000

GC Precious Log:
 CardTable entry size: 512
 CPUs: 12 total, 12 available
 Memory: 7896M
 Large Page Support: Disabled
 NUMA Support: Disabled
 Compressed Oops: Enabled (32-bit)
 Alignments: Space 512K, Generation 512K, Heap 2M
 Heap Min Capacity: 100M
 Heap Initial Capacity: 100M
 Heap Max Capacity: 2G
 Pre-touch: Disabled
 Parallel Workers: 10

Heap:
 PSYoungGen      total 23040K, used 1419K [0x00000000d5580000, 0x00000000d7000000, 0x0000000100000000)
  eden space 21504K, 1% used [0x00000000d5580000,0x00000000d55df0a8,0x00000000d6a80000)
  from space 1536K, 68% used [0x00000000d6e80000,0x00000000d6f88000,0x00000000d7000000)
  to   space 2560K, 0% used [0x00000000d6b00000,0x00000000d6b00000,0x00000000d6d80000)
 ParOldGen       total 68608K, used 30695K [0x0000000080000000, 0x0000000084300000, 0x00000000d5580000)
  object space 68608K, 44% used [0x0000000080000000,0x0000000081df9cf8,0x0000000084300000)
 Metaspace       used 43882K, committed 45056K, reserved 1114112K
  class space    used 4943K, committed 5440K, reserved 1048576K

Card table byte_map: [0x000001d2d8380000,0x000001d2d8790000] _byte_map_base: 0x000001d2d7f80000

Marking Bits: (ParMarkBitMap*) 0x00007ffae09e3450
 Begin Bits: [0x000001d2eae90000, 0x000001d2ece90000)
 End Bits:   [0x000001d2ece90000, 0x000001d2eee90000)

Polling page: 0x000001d2d67b0000

Metaspace:

Usage:
  Non-class:     38.03 MB used.
      Class:      4.83 MB used.
       Both:     42.85 MB used.

Virtual space:
  Non-class space:       64.00 MB reserved,      38.69 MB ( 60%) committed,  1 nodes.
      Class space:        1.00 GB reserved,       5.31 MB ( <1%) committed,  1 nodes.
             Both:        1.06 GB reserved,      44.00 MB (  4%) committed. 

Chunk freelists:
   Non-Class:  9.03 MB
       Class:  10.58 MB
        Both:  19.61 MB

MaxMetaspaceSize: unlimited
CompressedClassSpaceSize: 1.00 GB
Initial GC threshold: 21.00 MB
Current GC threshold: 58.38 MB
CDS: on
 - commit_granule_bytes: 65536.
 - commit_granule_words: 8192.
 - virtual_space_node_default_size: 8388608.
 - enlarge_chunks_in_place: 1.
 - use_allocation_guard: 0.


Internal statistics:

num_allocs_failed_limit: 6.
num_arena_births: 820.
num_arena_deaths: 40.
num_vsnodes_births: 2.
num_vsnodes_deaths: 0.
num_space_committed: 704.
num_space_uncommitted: 0.
num_chunks_returned_to_freelist: 56.
num_chunks_taken_from_freelist: 2875.
num_chunk_merges: 12.
num_chunk_splits: 1714.
num_chunks_enlarged: 930.
num_inconsistent_stats: 0.

CodeHeap 'non-profiled nmethods': size=120000Kb used=2192Kb max_used=2192Kb free=117807Kb
 bounds [0x000001d2e36b0000, 0x000001d2e3920000, 0x000001d2eabe0000]
CodeHeap 'profiled nmethods': size=120000Kb used=9526Kb max_used=9526Kb free=110473Kb
 bounds [0x000001d2dbbe0000, 0x000001d2dc530000, 0x000001d2e3110000]
CodeHeap 'non-nmethods': size=5760Kb used=1364Kb max_used=1428Kb free=4395Kb
 bounds [0x000001d2e3110000, 0x000001d2e3380000, 0x000001d2e36b0000]
CodeCache: size=245760Kb, used=13082Kb, max_used=13146Kb, free=232675Kb
 total_blobs=5432, nmethods=4769, adapters=569, full_count=0
Compilation: enabled, stopped_count=0, restarted_count=0

Compilation events (20 events):
Event: 23.098 Thread 0x000001d2f75d2f80 nmethod 5232 0x000001d2e38cf010 code [0x000001d2e38cf5e0, 0x000001d2e38d3730]
Event: 23.098 Thread 0x000001d2d898bde0 5328       3       java.util.stream.Collectors$CollectorImpl::<init> (13 bytes)
Event: 23.101 Thread 0x000001d2d898bde0 nmethod 5328 0x000001d2dc51f410 code [0x000001d2dc51f5e0, 0x000001d2dc51fa48]
Event: 23.101 Thread 0x000001d2d898bde0 5330       1       com.google.inject.internal.KotlinSupport$KotlinUnsupported::lambda$static$0 (2 bytes)
Event: 23.101 Thread 0x000001d2f75d2f80 5301       4       java.util.ArrayList::indexOfRange (71 bytes)
Event: 23.101 Thread 0x000001d2d898bde0 nmethod 5330 0x000001d2e3716390 code [0x000001d2e3716520, 0x000001d2e37165c8]
Event: 23.101 Thread 0x000001d2d898bde0 5329       3       java.util.stream.Collectors::castingIdentity (6 bytes)
Event: 23.102 Thread 0x000001d2d898bde0 nmethod 5329 0x000001d2dc51fc10 code [0x000001d2dc51fdc0, 0x000001d2dc520038]
Event: 23.106 Thread 0x000001d2d898bde0 5331       3       java.util.stream.Collectors::toList (26 bytes)
Event: 23.107 Thread 0x000001d2d898bde0 nmethod 5331 0x000001d2dc520110 code [0x000001d2dc520320, 0x000001d2dc520978]
Event: 23.108 Thread 0x000001d2d898bde0 5333       3       java.lang.StringBuilder::append (10 bytes)
Event: 23.108 Thread 0x000001d2d898bde0 nmethod 5333 0x000001d2dc520b10 code [0x000001d2dc520cc0, 0x000001d2dc520e10]
Event: 23.108 Thread 0x000001d2d898bde0 5332       3       java.util.stream.Collectors$$Lambda/0x000001d2810cf6a0::get (8 bytes)
Event: 23.109 Thread 0x000001d2d898bde0 nmethod 5332 0x000001d2dc520f10 code [0x000001d2dc5210e0, 0x000001d2dc5213e0]
Event: 23.109 Thread 0x000001d2d898bde0 5334       3       java.lang.reflect.Constructor::getGenericParameterTypes (5 bytes)
Event: 23.111 Thread 0x000001d2d898bde0 nmethod 5334 0x000001d2dc521510 code [0x000001d2dc5217a0, 0x000001d2dc522618]
Event: 23.113 Thread 0x000001d2d898bde0 5335       3       com.google.common.collect.ImmutableList::copyOf (44 bytes)
Event: 23.114 Thread 0x000001d2d898bde0 nmethod 5335 0x000001d2dc522b10 code [0x000001d2dc522d80, 0x000001d2dc523740]
Event: 23.114 Thread 0x000001d2d898bde0 5336       3       org.eclipse.sisu.wire.ElementAnalyzer::visit (142 bytes)
Event: 23.115 Thread 0x000001d2d898bde0 nmethod 5336 0x000001d2dc523a90 code [0x000001d2dc523d00, 0x000001d2dc5248b8]

GC Heap History (20 events):
Event: 18.531 GC heap before
{Heap before GC invocations=10 (full 1):
 PSYoungGen      total 25088K, used 25022K [0x00000000d5580000, 0x00000000d7480000, 0x0000000100000000)
  eden space 24064K, 100% used [0x00000000d5580000,0x00000000d6d00000,0x00000000d6d00000)
  from space 1024K, 93% used [0x00000000d7380000,0x00000000d746f910,0x00000000d7480000)
  to   space 2560K, 0% used [0x00000000d6f80000,0x00000000d6f80000,0x00000000d7200000)
 ParOldGen       total 68608K, used 13654K [0x0000000080000000, 0x0000000084300000, 0x00000000d5580000)
  object space 68608K, 19% used [0x0000000080000000,0x0000000080d55820,0x0000000084300000)
 Metaspace       used 26496K, committed 27328K, reserved 1114112K
  class space    used 2606K, committed 2944K, reserved 1048576K
}
Event: 18.534 GC heap after
{Heap after GC invocations=10 (full 1):
 PSYoungGen      total 26112K, used 2548K [0x00000000d5580000, 0x00000000d7400000, 0x0000000100000000)
  eden space 23552K, 0% used [0x00000000d5580000,0x00000000d5580000,0x00000000d6c80000)
  from space 2560K, 99% used [0x00000000d6f80000,0x00000000d71fd0f0,0x00000000d7200000)
  to   space 2048K, 0% used [0x00000000d7200000,0x00000000d7200000,0x00000000d7400000)
 ParOldGen       total 68608K, used 13678K [0x0000000080000000, 0x0000000084300000, 0x00000000d5580000)
  object space 68608K, 19% used [0x0000000080000000,0x0000000080d5b820,0x0000000084300000)
 Metaspace       used 26496K, committed 27328K, reserved 1114112K
  class space    used 2606K, committed 2944K, reserved 1048576K
}
Event: 18.884 GC heap before
{Heap before GC invocations=11 (full 1):
 PSYoungGen      total 26112K, used 26100K [0x00000000d5580000, 0x00000000d7400000, 0x0000000100000000)
  eden space 23552K, 100% used [0x00000000d5580000,0x00000000d6c80000,0x00000000d6c80000)
  from space 2560K, 99% used [0x00000000d6f80000,0x00000000d71fd0f0,0x00000000d7200000)
  to   space 2048K, 0% used [0x00000000d7200000,0x00000000d7200000,0x00000000d7400000)
 ParOldGen       total 68608K, used 13678K [0x0000000080000000, 0x0000000084300000, 0x00000000d5580000)
  object space 68608K, 19% used [0x0000000080000000,0x0000000080d5b820,0x0000000084300000)
 Metaspace       used 27953K, committed 28928K, reserved 1114112K
  class space    used 2763K, committed 3136K, reserved 1048576K
}
Event: 18.887 GC heap after
{Heap after GC invocations=11 (full 1):
 PSYoungGen      total 25088K, used 2036K [0x00000000d5580000, 0x00000000d7400000, 0x0000000100000000)
  eden space 23040K, 0% used [0x00000000d5580000,0x00000000d5580000,0x00000000d6c00000)
  from space 2048K, 99% used [0x00000000d7200000,0x00000000d73fd1f8,0x00000000d7400000)
  to   space 3584K, 0% used [0x00000000d6d00000,0x00000000d6d00000,0x00000000d7080000)
 ParOldGen       total 68608K, used 15003K [0x0000000080000000, 0x0000000084300000, 0x00000000d5580000)
  object space 68608K, 21% used [0x0000000080000000,0x0000000080ea6e88,0x0000000084300000)
 Metaspace       used 27953K, committed 28928K, reserved 1114112K
  class space    used 2763K, committed 3136K, reserved 1048576K
}
Event: 19.360 GC heap before
{Heap before GC invocations=12 (full 1):
 PSYoungGen      total 25088K, used 25076K [0x00000000d5580000, 0x00000000d7400000, 0x0000000100000000)
  eden space 23040K, 100% used [0x00000000d5580000,0x00000000d6c00000,0x00000000d6c00000)
  from space 2048K, 99% used [0x00000000d7200000,0x00000000d73fd1f8,0x00000000d7400000)
  to   space 3584K, 0% used [0x00000000d6d00000,0x00000000d6d00000,0x00000000d7080000)
 ParOldGen       total 68608K, used 15003K [0x0000000080000000, 0x0000000084300000, 0x00000000d5580000)
  object space 68608K, 21% used [0x0000000080000000,0x0000000080ea6e88,0x0000000084300000)
 Metaspace       used 31658K, committed 32640K, reserved 1114112K
  class space    used 3226K, committed 3648K, reserved 1048576K
}
Event: 19.368 GC heap after
{Heap after GC invocations=12 (full 1):
 PSYoungGen      total 26112K, used 1025K [0x00000000d5580000, 0x00000000d7280000, 0x0000000100000000)
  eden space 22528K, 0% used [0x00000000d5580000,0x00000000d5580000,0x00000000d6b80000)
  from space 3584K, 28% used [0x00000000d6d00000,0x00000000d6e00410,0x00000000d7080000)
  to   space 2048K, 0% used [0x00000000d7080000,0x00000000d7080000,0x00000000d7280000)
 ParOldGen       total 68608K, used 16955K [0x0000000080000000, 0x0000000084300000, 0x00000000d5580000)
  object space 68608K, 24% used [0x0000000080000000,0x000000008108ee78,0x0000000084300000)
 Metaspace       used 31658K, committed 32640K, reserved 1114112K
  class space    used 3226K, committed 3648K, reserved 1048576K
}
Event: 19.738 GC heap before
{Heap before GC invocations=13 (full 1):
 PSYoungGen      total 26112K, used 23553K [0x00000000d5580000, 0x00000000d7280000, 0x0000000100000000)
  eden space 22528K, 100% used [0x00000000d5580000,0x00000000d6b80000,0x00000000d6b80000)
  from space 3584K, 28% used [0x00000000d6d00000,0x00000000d6e00410,0x00000000d7080000)
  to   space 2048K, 0% used [0x00000000d7080000,0x00000000d7080000,0x00000000d7280000)
 ParOldGen       total 68608K, used 16955K [0x0000000080000000, 0x0000000084300000, 0x00000000d5580000)
  object space 68608K, 24% used [0x0000000080000000,0x000000008108ee78,0x0000000084300000)
 Metaspace       used 34098K, committed 35200K, reserved 1114112K
  class space    used 3527K, committed 3968K, reserved 1048576K
}
Event: 19.743 GC heap after
{Heap after GC invocations=13 (full 1):
 PSYoungGen      total 24064K, used 2039K [0x00000000d5580000, 0x00000000d7280000, 0x0000000100000000)
  eden space 22016K, 0% used [0x00000000d5580000,0x00000000d5580000,0x00000000d6b00000)
  from space 2048K, 99% used [0x00000000d7080000,0x00000000d727df08,0x00000000d7280000)
  to   space 3584K, 0% used [0x00000000d6b80000,0x00000000d6b80000,0x00000000d6f00000)
 ParOldGen       total 68608K, used 17763K [0x0000000080000000, 0x0000000084300000, 0x00000000d5580000)
  object space 68608K, 25% used [0x0000000080000000,0x0000000081158ea0,0x0000000084300000)
 Metaspace       used 34098K, committed 35200K, reserved 1114112K
  class space    used 3527K, committed 3968K, reserved 1048576K
}
Event: 19.825 GC heap before
{Heap before GC invocations=14 (full 1):
 PSYoungGen      total 24064K, used 8704K [0x00000000d5580000, 0x00000000d7280000, 0x0000000100000000)
  eden space 22016K, 30% used [0x00000000d5580000,0x00000000d5c024b0,0x00000000d6b00000)
  from space 2048K, 99% used [0x00000000d7080000,0x00000000d727df08,0x00000000d7280000)
  to   space 3584K, 0% used [0x00000000d6b80000,0x00000000d6b80000,0x00000000d6f00000)
 ParOldGen       total 68608K, used 17763K [0x0000000080000000, 0x0000000084300000, 0x00000000d5580000)
  object space 68608K, 25% used [0x0000000080000000,0x0000000081158ea0,0x0000000084300000)
 Metaspace       used 34757K, committed 35840K, reserved 1114112K
  class space    used 3612K, committed 4032K, reserved 1048576K
}
Event: 19.829 GC heap after
{Heap after GC invocations=14 (full 1):
 PSYoungGen      total 25600K, used 320K [0x00000000d5580000, 0x00000000d7100000, 0x0000000100000000)
  eden space 22016K, 0% used [0x00000000d5580000,0x00000000d5580000,0x00000000d6b00000)
  from space 3584K, 8% used [0x00000000d6b80000,0x00000000d6bd0000,0x00000000d6f00000)
  to   space 1536K, 0% used [0x00000000d6f80000,0x00000000d6f80000,0x00000000d7100000)
 ParOldGen       total 68608K, used 19606K [0x0000000080000000, 0x0000000084300000, 0x00000000d5580000)
  object space 68608K, 28% used [0x0000000080000000,0x0000000081325aa0,0x0000000084300000)
 Metaspace       used 34757K, committed 35840K, reserved 1114112K
  class space    used 3612K, committed 4032K, reserved 1048576K
}
Event: 19.829 GC heap before
{Heap before GC invocations=15 (full 2):
 PSYoungGen      total 25600K, used 320K [0x00000000d5580000, 0x00000000d7100000, 0x0000000100000000)
  eden space 22016K, 0% used [0x00000000d5580000,0x00000000d5580000,0x00000000d6b00000)
  from space 3584K, 8% used [0x00000000d6b80000,0x00000000d6bd0000,0x00000000d6f00000)
  to   space 1536K, 0% used [0x00000000d6f80000,0x00000000d6f80000,0x00000000d7100000)
 ParOldGen       total 68608K, used 19606K [0x0000000080000000, 0x0000000084300000, 0x00000000d5580000)
  object space 68608K, 28% used [0x0000000080000000,0x0000000081325aa0,0x0000000084300000)
 Metaspace       used 34757K, committed 35840K, reserved 1114112K
  class space    used 3612K, committed 4032K, reserved 1048576K
}
Event: 19.894 GC heap after
{Heap after GC invocations=15 (full 2):
 PSYoungGen      total 25600K, used 0K [0x00000000d5580000, 0x00000000d7100000, 0x0000000100000000)
  eden space 22016K, 0% used [0x00000000d5580000,0x00000000d5580000,0x00000000d6b00000)
  from space 3584K, 0% used [0x00000000d6b80000,0x00000000d6b80000,0x00000000d6f00000)
  to   space 1536K, 0% used [0x00000000d6f80000,0x00000000d6f80000,0x00000000d7100000)
 ParOldGen       total 68608K, used 18706K [0x0000000080000000, 0x0000000084300000, 0x00000000d5580000)
  object space 68608K, 27% used [0x0000000080000000,0x0000000081244b98,0x0000000084300000)
 Metaspace       used 34734K, committed 35840K, reserved 1114112K
  class space    used 3606K, committed 4032K, reserved 1048576K
}
Event: 20.250 GC heap before
{Heap before GC invocations=16 (full 2):
 PSYoungGen      total 25600K, used 22016K [0x00000000d5580000, 0x00000000d7100000, 0x0000000100000000)
  eden space 22016K, 100% used [0x00000000d5580000,0x00000000d6b00000,0x00000000d6b00000)
  from space 3584K, 0% used [0x00000000d6b80000,0x00000000d6b80000,0x00000000d6f00000)
  to   space 1536K, 0% used [0x00000000d6f80000,0x00000000d6f80000,0x00000000d7100000)
 ParOldGen       total 68608K, used 18706K [0x0000000080000000, 0x0000000084300000, 0x00000000d5580000)
  object space 68608K, 27% used [0x0000000080000000,0x0000000081244b98,0x0000000084300000)
 Metaspace       used 36642K, committed 37696K, reserved 1114112K
  class space    used 3901K, committed 4288K, reserved 1048576K
}
Event: 20.254 GC heap after
{Heap after GC invocations=16 (full 2):
 PSYoungGen      total 23552K, used 1511K [0x00000000d5580000, 0x00000000d7100000, 0x0000000100000000)
  eden space 22016K, 0% used [0x00000000d5580000,0x00000000d5580000,0x00000000d6b00000)
  from space 1536K, 98% used [0x00000000d6f80000,0x00000000d70f9ea0,0x00000000d7100000)
  to   space 3072K, 0% used [0x00000000d6b00000,0x00000000d6b00000,0x00000000d6e00000)
 ParOldGen       total 68608K, used 19434K [0x0000000080000000, 0x0000000084300000, 0x00000000d5580000)
  object space 68608K, 28% used [0x0000000080000000,0x00000000812fab98,0x0000000084300000)
 Metaspace       used 36642K, committed 37696K, reserved 1114112K
  class space    used 3901K, committed 4288K, reserved 1048576K
}
Event: 20.577 GC heap before
{Heap before GC invocations=17 (full 2):
 PSYoungGen      total 23552K, used 23527K [0x00000000d5580000, 0x00000000d7100000, 0x0000000100000000)
  eden space 22016K, 100% used [0x00000000d5580000,0x00000000d6b00000,0x00000000d6b00000)
  from space 1536K, 98% used [0x00000000d6f80000,0x00000000d70f9ea0,0x00000000d7100000)
  to   space 3072K, 0% used [0x00000000d6b00000,0x00000000d6b00000,0x00000000d6e00000)
 ParOldGen       total 68608K, used 19434K [0x0000000080000000, 0x0000000084300000, 0x00000000d5580000)
  object space 68608K, 28% used [0x0000000080000000,0x00000000812fab98,0x0000000084300000)
 Metaspace       used 38634K, committed 39744K, reserved 1114112K
  class space    used 4200K, committed 4672K, reserved 1048576K
}
Event: 20.581 GC heap after
{Heap after GC invocations=17 (full 2):
 PSYoungGen      total 25088K, used 816K [0x00000000d5580000, 0x00000000d7000000, 0x0000000100000000)
  eden space 22016K, 0% used [0x00000000d5580000,0x00000000d5580000,0x00000000d6b00000)
  from space 3072K, 26% used [0x00000000d6b00000,0x00000000d6bcc010,0x00000000d6e00000)
  to   space 1536K, 0% used [0x00000000d6e80000,0x00000000d6e80000,0x00000000d7000000)
 ParOldGen       total 68608K, used 20815K [0x0000000080000000, 0x0000000084300000, 0x00000000d5580000)
  object space 68608K, 30% used [0x0000000080000000,0x0000000081453c98,0x0000000084300000)
 Metaspace       used 38634K, committed 39744K, reserved 1114112K
  class space    used 4200K, committed 4672K, reserved 1048576K
}
Event: 21.137 GC heap before
{Heap before GC invocations=18 (full 2):
 PSYoungGen      total 25088K, used 22832K [0x00000000d5580000, 0x00000000d7000000, 0x0000000100000000)
  eden space 22016K, 100% used [0x00000000d5580000,0x00000000d6b00000,0x00000000d6b00000)
  from space 3072K, 26% used [0x00000000d6b00000,0x00000000d6bcc010,0x00000000d6e00000)
  to   space 1536K, 0% used [0x00000000d6e80000,0x00000000d6e80000,0x00000000d7000000)
 ParOldGen       total 68608K, used 20815K [0x0000000080000000, 0x0000000084300000, 0x00000000d5580000)
  object space 68608K, 30% used [0x0000000080000000,0x0000000081453c98,0x0000000084300000)
 Metaspace       used 40176K, committed 41408K, reserved 1114112K
  class space    used 4395K, committed 4928K, reserved 1048576K
}
Event: 21.141 GC heap after
{Heap after GC invocations=18 (full 2):
 PSYoungGen      total 23040K, used 1517K [0x00000000d5580000, 0x00000000d7300000, 0x0000000100000000)
  eden space 21504K, 0% used [0x00000000d5580000,0x00000000d5580000,0x00000000d6a80000)
  from space 1536K, 98% used [0x00000000d6e80000,0x00000000d6ffb6f8,0x00000000d7000000)
  to   space 4096K, 0% used [0x00000000d6a80000,0x00000000d6a80000,0x00000000d6e80000)
 ParOldGen       total 68608K, used 22585K [0x0000000080000000, 0x0000000084300000, 0x00000000d5580000)
  object space 68608K, 32% used [0x0000000080000000,0x000000008160e420,0x0000000084300000)
 Metaspace       used 40176K, committed 41408K, reserved 1114112K
  class space    used 4395K, committed 4928K, reserved 1048576K
}
Event: 22.626 GC heap before
{Heap before GC invocations=19 (full 2):
 PSYoungGen      total 23040K, used 23021K [0x00000000d5580000, 0x00000000d7300000, 0x0000000100000000)
  eden space 21504K, 100% used [0x00000000d5580000,0x00000000d6a80000,0x00000000d6a80000)
  from space 1536K, 98% used [0x00000000d6e80000,0x00000000d6ffb6f8,0x00000000d7000000)
  to   space 4096K, 0% used [0x00000000d6a80000,0x00000000d6a80000,0x00000000d6e80000)
 ParOldGen       total 68608K, used 22585K [0x0000000080000000, 0x0000000084300000, 0x00000000d5580000)
  object space 68608K, 32% used [0x0000000080000000,0x000000008160e420,0x0000000084300000)
 Metaspace       used 41668K, committed 42816K, reserved 1114112K
  class space    used 4615K, committed 5120K, reserved 1048576K
}
Event: 22.631 GC heap after
{Heap after GC invocations=19 (full 2):
 PSYoungGen      total 25600K, used 3772K [0x00000000d5580000, 0x00000000d7280000, 0x0000000100000000)
  eden space 21504K, 0% used [0x00000000d5580000,0x00000000d5580000,0x00000000d6a80000)
  from space 4096K, 92% used [0x00000000d6a80000,0x00000000d6e2f118,0x00000000d6e80000)
  to   space 4096K, 0% used [0x00000000d6e80000,0x00000000d6e80000,0x00000000d7280000)
 ParOldGen       total 68608K, used 27156K [0x0000000080000000, 0x0000000084300000, 0x00000000d5580000)
  object space 68608K, 39% used [0x0000000080000000,0x0000000081a853f0,0x0000000084300000)
 Metaspace       used 41668K, committed 42816K, reserved 1114112K
  class space    used 4615K, committed 5120K, reserved 1048576K
}

Dll operation events (11 events):
Event: 0.031 Loaded shared library c:\Users\Kavis\.vscode\extensions\redhat.java-1.53.0-win32-x64\jre\21.0.10-win32-x86_64\bin\java.dll
Event: 0.255 Loaded shared library c:\Users\Kavis\.vscode\extensions\redhat.java-1.53.0-win32-x64\jre\21.0.10-win32-x86_64\bin\zip.dll
Event: 0.321 Loaded shared library C:\Users\Kavis\.vscode\extensions\redhat.java-1.53.0-win32-x64\jre\21.0.10-win32-x86_64\bin\instrument.dll
Event: 0.337 Loaded shared library C:\Users\Kavis\.vscode\extensions\redhat.java-1.53.0-win32-x64\jre\21.0.10-win32-x86_64\bin\net.dll
Event: 0.343 Loaded shared library C:\Users\Kavis\.vscode\extensions\redhat.java-1.53.0-win32-x64\jre\21.0.10-win32-x86_64\bin\nio.dll
Event: 0.352 Loaded shared library C:\Users\Kavis\.vscode\extensions\redhat.java-1.53.0-win32-x64\jre\21.0.10-win32-x86_64\bin\zip.dll
Event: 0.396 Loaded shared library C:\Users\Kavis\.vscode\extensions\redhat.java-1.53.0-win32-x64\jre\21.0.10-win32-x86_64\bin\jimage.dll
Event: 0.673 Loaded shared library c:\Users\Kavis\.vscode\extensions\redhat.java-1.53.0-win32-x64\jre\21.0.10-win32-x86_64\bin\verify.dll
Event: 4.618 Loaded shared library C:\Users\Kavis\AppData\Roaming\Code\User\globalStorage\redhat.java\1.53.0\config_win\org.eclipse.equinox.launcher\org.eclipse.equinox.launcher.win32.win32.x86_64_1.3.0.v20260203-2149\eclipse_11919.dll
Event: 11.302 Loaded shared library C:\Users\Kavis\AppData\Local\Temp\jna-72270570\jna6964902139354171196.dll
Event: 22.847 Loaded shared library C:\Users\Kavis\.gradle\native\1def1411415f61bf3af743bc5b6707747c0891f09f0c88961ee8f79bc544acac\windows-amd64\native-platform.dll

Deoptimization events (20 events):
Event: 21.367 Thread 0x000001d2f6f12930 Uncommon trap: trap_request=0xffffff45 fr.pc=0x000001d2e379d33c relative=0x000000000000017c
Event: 21.367 Thread 0x000001d2f6f12930 Uncommon trap: reason=unstable_if action=reinterpret pc=0x000001d2e379d33c method=java.util.zip.ZipFile$Source.isMetaName([BII)Z @ 57 c2
Event: 21.367 Thread 0x000001d2f6f12930 DEOPT PACKING pc=0x000001d2e379d33c sp=0x0000002bca7fd460
Event: 21.367 Thread 0x000001d2f6f12930 DEOPT UNPACKING pc=0x000001d2e3163aa2 sp=0x0000002bca7fd3f0 mode 2
Event: 21.390 Thread 0x000001d2f6f12930 DEOPT PACKING pc=0x000001d2dc142b39 sp=0x0000002bca7fd900
Event: 21.390 Thread 0x000001d2f6f12930 DEOPT UNPACKING pc=0x000001d2e3164242 sp=0x0000002bca7fce00 mode 0
Event: 22.455 Thread 0x000001d2f6f12930 DEOPT PACKING pc=0x000001d2dbc1a646 sp=0x0000002bca7fd320
Event: 22.455 Thread 0x000001d2f6f12930 DEOPT UNPACKING pc=0x000001d2e3164242 sp=0x0000002bca7fc8a0 mode 0
Event: 22.480 Thread 0x000001d2f6f12930 DEOPT PACKING pc=0x000001d2dc142b39 sp=0x0000002bca7fd8a0
Event: 22.480 Thread 0x000001d2f6f12930 DEOPT UNPACKING pc=0x000001d2e3164242 sp=0x0000002bca7fcda0 mode 0
Event: 22.547 Thread 0x000001d2f6f12930 DEOPT PACKING pc=0x000001d2dc4bff44 sp=0x0000002bca7fc060
Event: 22.547 Thread 0x000001d2f6f12930 DEOPT UNPACKING pc=0x000001d2e3164242 sp=0x0000002bca7fb570 mode 0
Event: 22.602 Thread 0x000001d2f6f12930 Uncommon trap: trap_request=0xffffffc6 fr.pc=0x000001d2e37b7470 relative=0x0000000000000f10
Event: 22.602 Thread 0x000001d2f6f12930 Uncommon trap: reason=bimorphic_or_optimized_type_check action=maybe_recompile pc=0x000001d2e37b7470 method=java.util.Properties$LineReader.readLine()I @ 479 c2
Event: 22.602 Thread 0x000001d2f6f12930 DEOPT PACKING pc=0x000001d2e37b7470 sp=0x0000002bca7fce40
Event: 22.602 Thread 0x000001d2f6f12930 DEOPT UNPACKING pc=0x000001d2e3163aa2 sp=0x0000002bca7fcde0 mode 2
Event: 23.107 Thread 0x000001d2f6f14370 Uncommon trap: trap_request=0xffffff45 fr.pc=0x000001d2e36e2fec relative=0x00000000000009ac
Event: 23.107 Thread 0x000001d2f6f14370 Uncommon trap: reason=unstable_if action=reinterpret pc=0x000001d2e36e2fec method=com.google.gson.stream.JsonReader.nextQuotedValue(C)Ljava/lang/String; @ 121 c2
Event: 23.107 Thread 0x000001d2f6f14370 DEOPT PACKING pc=0x000001d2e36e2fec sp=0x0000002bca6fe950
Event: 23.107 Thread 0x000001d2f6f14370 DEOPT UNPACKING pc=0x000001d2e3163aa2 sp=0x0000002bca6fe908 mode 2

Classes loaded (20 events):
Event: 22.655 Loading class java/util/concurrent/CompletionService
Event: 22.655 Loading class java/util/concurrent/CompletionService done
Event: 22.715 Loading class sun/reflect/generics/scope/ConstructorScope
Event: 22.715 Loading class sun/reflect/generics/scope/ConstructorScope done
Event: 22.716 Loading class sun/reflect/generics/tree/VoidDescriptor
Event: 22.716 Loading class sun/reflect/generics/tree/VoidDescriptor done
Event: 22.718 Loading class java/nio/channels/SocketChannel
Event: 22.718 Loading class java/nio/channels/NetworkChannel
Event: 22.718 Loading class java/nio/channels/NetworkChannel done
Event: 22.718 Loading class java/nio/channels/spi/AbstractSelectableChannel
Event: 22.719 Loading class java/nio/channels/SelectableChannel
Event: 22.719 Loading class java/nio/channels/SelectableChannel done
Event: 22.719 Loading class java/nio/channels/spi/AbstractSelectableChannel done
Event: 22.719 Loading class java/nio/channels/SocketChannel done
Event: 22.721 Loading class java/nio/channels/ServerSocketChannel
Event: 22.721 Loading class java/nio/channels/ServerSocketChannel done
Event: 22.813 Loading class sun/reflect/generics/repository/FieldRepository
Event: 22.813 Loading class sun/reflect/generics/repository/FieldRepository done
Event: 23.046 Loading class java/lang/Class$EnclosingMethodInfo
Event: 23.047 Loading class java/lang/Class$EnclosingMethodInfo done

Classes unloaded (20 events):
Event: 17.762 Thread 0x000001d2d8a86c20 Unloading class 0x000001d2811a4c00 'java/lang/invoke/LambdaForm$MH+0x000001d2811a4c00'
Event: 17.762 Thread 0x000001d2d8a86c20 Unloading class 0x000001d2811a4800 'java/lang/invoke/LambdaForm$MH+0x000001d2811a4800'
Event: 17.762 Thread 0x000001d2d8a86c20 Unloading class 0x000001d2811a4400 'java/lang/invoke/LambdaForm$MH+0x000001d2811a4400'
Event: 17.762 Thread 0x000001d2d8a86c20 Unloading class 0x000001d2811a4000 'java/lang/invoke/LambdaForm$MH+0x000001d2811a4000'
Event: 17.762 Thread 0x000001d2d8a86c20 Unloading class 0x000001d2811a3c00 'java/lang/invoke/LambdaForm$BMH+0x000001d2811a3c00'
Event: 17.762 Thread 0x000001d2d8a86c20 Unloading class 0x000001d2811a3800 'java/lang/invoke/LambdaForm$DMH+0x000001d2811a3800'
Event: 17.762 Thread 0x000001d2d8a86c20 Unloading class 0x000001d2811a2400 'java/lang/invoke/LambdaForm$DMH+0x000001d2811a2400'
Event: 19.844 Thread 0x000001d2d8a86c20 Unloading class 0x000001d28131ac00 'java/lang/invoke/LambdaForm$MH+0x000001d28131ac00'
Event: 19.844 Thread 0x000001d2d8a86c20 Unloading class 0x000001d28131a000 'java/lang/invoke/LambdaForm$MH+0x000001d28131a000'
Event: 19.844 Thread 0x000001d2d8a86c20 Unloading class 0x000001d281319800 'java/lang/invoke/LambdaForm$MH+0x000001d281319800'
Event: 19.844 Thread 0x000001d2d8a86c20 Unloading class 0x000001d281319000 'java/lang/invoke/LambdaForm$MH+0x000001d281319000'
Event: 19.844 Thread 0x000001d2d8a86c20 Unloading class 0x000001d281318800 'java/lang/invoke/LambdaForm$DMH+0x000001d281318800'
Event: 19.844 Thread 0x000001d2d8a86c20 Unloading class 0x000001d281318000 'java/lang/invoke/LambdaForm$MH+0x000001d281318000'
Event: 19.844 Thread 0x000001d2d8a86c20 Unloading class 0x000001d281310800 'java/lang/invoke/LambdaForm$MH+0x000001d281310800'
Event: 19.844 Thread 0x000001d2d8a86c20 Unloading class 0x000001d281310000 'java/lang/invoke/LambdaForm$MH+0x000001d281310000'
Event: 19.844 Thread 0x000001d2d8a86c20 Unloading class 0x000001d28130b800 'java/lang/invoke/LambdaForm$MH+0x000001d28130b800'
Event: 19.844 Thread 0x000001d2d8a86c20 Unloading class 0x000001d28130b400 'java/lang/invoke/LambdaForm$MH+0x000001d28130b400'
Event: 19.844 Thread 0x000001d2d8a86c20 Unloading class 0x000001d28130a800 'java/lang/invoke/LambdaForm$MH+0x000001d28130a800'
Event: 19.844 Thread 0x000001d2d8a86c20 Unloading class 0x000001d28130a000 'java/lang/invoke/LambdaForm$MH+0x000001d28130a000'
Event: 19.844 Thread 0x000001d2d8a86c20 Unloading class 0x000001d281309800 'java/lang/invoke/LambdaForm$MH+0x000001d281309800'

Classes redefined (0 events):
No events

Internal exceptions (20 events):
Event: 18.841 Thread 0x000001d2f6861d80 Exception <a 'java/lang/NoSuchMethodError'{0x00000000d6b2ca40}: 'java.lang.Object java.lang.invoke.DirectMethodHandle$Holder.invokeSpecialIFC(java.lang.Object, java.lang.Object, java.lang.Object, java.lang.Object)'> (0x00000000d6b2ca40) 
thrown [s\src\hotspot\share\interpreter\linkResolver.cpp, line 773]
Event: 19.063 Thread 0x000001d2f1d4ca80 Exception <a 'java/lang/ClassNotFoundException'{0x00000000d5e7e490}: com/sun/org/apache/xml/internal/serializer/spi/XMLEntitiesProvider> (0x00000000d5e7e490) 
thrown [s\src\hotspot\share\classfile\systemDictionary.cpp, line 312]
Event: 19.284 Thread 0x000001d2f1d4ca80 Exception <a 'java/io/FileNotFoundException'{0x00000000d6879308}> (0x00000000d6879308) 
thrown [s\src\hotspot\share\prims\jni.cpp, line 520]
Event: 19.338 Thread 0x000001d2f1d4ca80 Exception <a 'java/lang/UnsatisfiedLinkError'{0x00000000d6a91010}: The specified procedure could not be found.
> (0x00000000d6a91010) 
thrown [s\src\hotspot\share\prims\jni.cpp, line 539]
Event: 19.345 Thread 0x000001d2f1d4ca80 Exception <a 'java/io/FileNotFoundException'{0x00000000d6b0c0a0}> (0x00000000d6b0c0a0) 
thrown [s\src\hotspot\share\prims\jni.cpp, line 520]
Event: 19.383 Thread 0x000001d2f1d4ca80 Exception <a 'java/io/FileNotFoundException'{0x00000000d55d39c8}> (0x00000000d55d39c8) 
thrown [s\src\hotspot\share\prims\jni.cpp, line 520]
Event: 19.400 Thread 0x000001d2f1d4ca80 Exception <a 'java/lang/UnsatisfiedLinkError'{0x00000000d5658230}: The specified procedure could not be found.
> (0x00000000d5658230) 
thrown [s\src\hotspot\share\prims\jni.cpp, line 539]
Event: 19.565 Thread 0x000001d2f6863130 Exception <a 'java/lang/NoSuchMethodError'{0x00000000d5e54160}: 'void java.lang.invoke.DirectMethodHandle$Holder.invokeStaticInit(java.lang.Object, java.lang.Object, java.lang.Object, java.lang.Object)'> (0x00000000d5e54160) 
thrown [s\src\hotspot\share\interpreter\linkResolver.cpp, line 773]
Event: 19.576 Thread 0x000001d2f6861d80 Exception <a 'java/lang/NoClassDefFoundError'{0x00000000d5ea3738}: javax/enterprise/inject/Typed> (0x00000000d5ea3738) 
thrown [s\src\hotspot\share\classfile\systemDictionary.cpp, line 301]
Event: 19.757 Thread 0x000001d2d89e4340 Exception <a 'java/lang/NoSuchMethodError'{0x00000000d56ae6c8}: 'java.lang.Object java.lang.invoke.DirectMethodHandle$Holder.invokeStatic(java.lang.Object, long, java.lang.Object)'> (0x00000000d56ae6c8) 
thrown [s\src\hotspot\share\interpreter\linkResolver.cpp, line 773]
Event: 19.758 Thread 0x000001d2d89e4340 Exception <a 'java/lang/NoSuchMethodError'{0x00000000d56c8210}: 'java.lang.Object java.lang.invoke.DirectMethodHandle$Holder.invokeStaticInit(java.lang.Object, long, java.lang.Object)'> (0x00000000d56c8210) 
thrown [s\src\hotspot\share\interpreter\linkResolver.cpp, line 773]
Event: 19.760 Thread 0x000001d2d89e4340 Exception <a 'java/lang/NoSuchMethodError'{0x00000000d56f8ab0}: 'java.lang.Object java.lang.invoke.DirectMethodHandle$Holder.newInvokeSpecial(java.lang.Object, long)'> (0x00000000d56f8ab0) 
thrown [s\src\hotspot\share\interpreter\linkResolver.cpp, line 773]
Event: 19.925 Thread 0x000001d2f68616f0 Exception <a 'java/io/FileNotFoundException'{0x00000000d574d6f0}> (0x00000000d574d6f0) 
thrown [s\src\hotspot\share\prims\jni.cpp, line 520]
Event: 20.118 Thread 0x000001d2f68637c0 Exception <a 'java/lang/NoSuchMethodError'{0x00000000d62acdf8}: 'void java.lang.invoke.DirectMethodHandle$Holder.invokeStaticInit(java.lang.Object, java.lang.Object, java.lang.Object)'> (0x00000000d62acdf8) 
thrown [s\src\hotspot\share\interpreter\linkResolver.cpp, line 773]
Event: 20.302 Thread 0x000001d2f6861060 Exception <a 'java/lang/NoSuchMethodError'{0x00000000d594d348}: 'java.lang.Object java.lang.invoke.DirectMethodHandle$Holder.invokeVirtual(java.lang.Object, java.lang.Object, java.lang.Object, java.lang.Object)'> (0x00000000d594d348) 
thrown [s\src\hotspot\share\interpreter\linkResolver.cpp, line 773]
Event: 20.311 Thread 0x000001d2f6861060 Exception <a 'java/lang/NoSuchMethodError'{0x00000000d598bb40}: 'java.lang.Object java.lang.invoke.DirectMethodHandle$Holder.invokeVirtual(java.lang.Object, java.lang.Object, java.lang.Object, java.lang.Object, java.lang.Object)'> (0x00000000d598bb40) 
thrown [s\src\hotspot\share\interpreter\linkResolver.cpp, line 773]
Event: 20.395 Thread 0x000001d2d89e4340 Exception <a 'java/lang/NoSuchMethodError'{0x00000000d5e117b0}: 'void java.lang.invoke.DirectMethodHandle$Holder.invokeSpecial(java.lang.Object, java.lang.Object, java.lang.Object, java.lang.Object, java.lang.Object, java.lang.Object)'> (0x00000000d5e117b0) 
thrown [s\src\hotspot\share\interpreter\linkResolver.cpp, line 773]
Event: 20.398 Thread 0x000001d2d89e4340 Exception <a 'java/lang/IncompatibleClassChangeError'{0x00000000d5e465e8}: Found class java.lang.Object, but interface was expected> (0x00000000d5e465e8) 
thrown [s\src\hotspot\share\interpreter\linkResolver.cpp, line 840]
Event: 20.399 Thread 0x000001d2d89e4340 Exception <a 'java/lang/IncompatibleClassChangeError'{0x00000000d5e48430}: Found class java.lang.Object, but interface was expected> (0x00000000d5e48430) 
thrown [s\src\hotspot\share\interpreter\linkResolver.cpp, line 840]
Event: 20.711 Thread 0x000001d2f6f12930 Implicit null exception at 0x000001d2e378d69b to 0x000001d2e378d8ec

ZGC Phase Switch (0 events):
No events

VM Operations (20 events):
Event: 19.744 Executing safepoint VM operation: ParallelGCFailedAllocation (Allocation Failure) done
Event: 19.825 Executing safepoint VM operation: CollectForMetadataAllocation (Metadata GC Threshold)
Event: 19.894 Executing safepoint VM operation: CollectForMetadataAllocation (Metadata GC Threshold) done
Event: 20.250 Executing safepoint VM operation: ParallelGCFailedAllocation (Allocation Failure)
Event: 20.254 Executing safepoint VM operation: ParallelGCFailedAllocation (Allocation Failure) done
Event: 20.576 Executing safepoint VM operation: ParallelGCFailedAllocation (Allocation Failure)
Event: 20.581 Executing safepoint VM operation: ParallelGCFailedAllocation (Allocation Failure) done
Event: 20.817 Executing non-safepoint VM operation: HandshakeAllThreads (Deoptimize)
Event: 20.817 Executing non-safepoint VM operation: HandshakeAllThreads (Deoptimize) done
Event: 20.940 Executing non-safepoint VM operation: HandshakeAllThreads (Deoptimize)
Event: 20.940 Executing non-safepoint VM operation: HandshakeAllThreads (Deoptimize) done
Event: 21.136 Executing safepoint VM operation: ParallelGCFailedAllocation (Allocation Failure)
Event: 21.141 Executing safepoint VM operation: ParallelGCFailedAllocation (Allocation Failure) done
Event: 22.155 Executing safepoint VM operation: Cleanup
Event: 22.431 Executing safepoint VM operation: Cleanup done
Event: 22.626 Executing safepoint VM operation: ParallelGCFailedAllocation (Allocation Failure)
Event: 22.632 Executing safepoint VM operation: ParallelGCFailedAllocation (Allocation Failure) done
Event: 22.632 Executing non-safepoint VM operation: HandshakeAllThreads (Deoptimize)
Event: 22.632 Executing non-safepoint VM operation: HandshakeAllThreads (Deoptimize) done
Event: 23.634 Executing safepoint VM operation: Cleanup

Memory protections (0 events):
No events

Nmethod flushes (20 events):
Event: 19.863 Thread 0x000001d2d8a86c20 flushing  nmethod 0x000001d2dc228f10
Event: 19.863 Thread 0x000001d2d8a86c20 flushing  nmethod 0x000001d2dc229710
Event: 19.863 Thread 0x000001d2d8a86c20 flushing  nmethod 0x000001d2dc22ac10
Event: 19.863 Thread 0x000001d2d8a86c20 flushing  nmethod 0x000001d2dc22bd10
Event: 19.863 Thread 0x000001d2d8a86c20 flushing  nmethod 0x000001d2dc22ce10
Event: 19.863 Thread 0x000001d2d8a86c20 flushing  nmethod 0x000001d2dc22e210
Event: 19.863 Thread 0x000001d2d8a86c20 flushing  nmethod 0x000001d2dc22ee90
Event: 19.863 Thread 0x000001d2d8a86c20 flushing  nmethod 0x000001d2dc22fa10
Event: 19.863 Thread 0x000001d2d8a86c20 flushing  nmethod 0x000001d2dc22ff10
Event: 19.863 Thread 0x000001d2d8a86c20 flushing  nmethod 0x000001d2dc231410
Event: 19.863 Thread 0x000001d2d8a86c20 flushing  nmethod 0x000001d2dc231710
Event: 19.863 Thread 0x000001d2d8a86c20 flushing  nmethod 0x000001d2dc23b210
Event: 19.863 Thread 0x000001d2d8a86c20 flushing  nmethod 0x000001d2dc284710
Event: 19.863 Thread 0x000001d2d8a86c20 flushing  nmethod 0x000001d2dc28aa90
Event: 19.863 Thread 0x000001d2d8a86c20 flushing  nmethod 0x000001d2dc28f310
Event: 19.863 Thread 0x000001d2d8a86c20 flushing  nmethod 0x000001d2dc2da890
Event: 19.863 Thread 0x000001d2d8a86c20 flushing  nmethod 0x000001d2dc2df310
Event: 19.863 Thread 0x000001d2d8a86c20 flushing  nmethod 0x000001d2dc302210
Event: 19.863 Thread 0x000001d2d8a86c20 flushing  nmethod 0x000001d2dc318590
Event: 19.863 Thread 0x000001d2d8a86c20 flushing  nmethod 0x000001d2dc318f10

Events (20 events):
Event: 19.801 Thread 0x000001d2d89e4340 Thread added: 0x000001d2f87b3d80
Event: 19.801 Thread 0x000001d2d89e4340 Thread added: 0x000001d2f87b0900
Event: 19.802 Thread 0x000001d2d89e4340 Thread added: 0x000001d2f87b4410
Event: 19.802 Thread 0x000001d2d89e4340 Thread added: 0x000001d2f87b0f90
Event: 19.802 Thread 0x000001d2d89e4340 Thread added: 0x000001d2f87b5130
Event: 19.803 Thread 0x000001d2d89e4340 Thread added: 0x000001d2f87b1cb0
Event: 19.929 Thread 0x000001d2d89e4340 Thread added: 0x000001d2f87b57c0
Event: 20.086 Thread 0x000001d2f6861060 Thread added: 0x000001d2f87b7200
Event: 20.098 Thread 0x000001d2f6863130 Thread added: 0x000001d2f87b5e50
Event: 20.099 Thread 0x000001d2f6861060 Thread added: 0x000001d2f87b64e0
Event: 20.099 Thread 0x000001d2f68637c0 Thread added: 0x000001d2f87b6b70
Event: 20.157 Thread 0x000001d2f6863130 Thread added: 0x000001d2f87b4aa0
Event: 20.158 Thread 0x000001d2f6861060 Thread added: 0x000001d2f87b7890
Event: 20.158 Thread 0x000001d2f68637c0 Thread added: 0x000001d2f6f11c10
Event: 20.471 Thread 0x000001d2d89e4340 Thread added: 0x000001d2f6f122a0
Event: 20.472 Thread 0x000001d2d89e4340 Thread added: 0x000001d2f6f14370
Event: 20.545 Thread 0x000001d2f68637c0 Thread added: 0x000001d2f6f12930
Event: 20.545 Thread 0x000001d2f6861060 Thread added: 0x000001d2f6f12fc0
Event: 20.545 Thread 0x000001d2f6863130 Thread added: 0x000001d2f6f10ef0
Event: 22.432 Thread 0x000001d2f87f4e40 Thread added: 0x000001d2f75d2f80


Dynamic libraries:
0x00007ff627d20000 - 0x00007ff627d2e000 	c:\Users\Kavis\.vscode\extensions\redhat.java-1.53.0-win32-x64\jre\21.0.10-win32-x86_64\bin\java.exe
0x00007ffb70740000 - 0x00007ffb709a8000 	C:\WINDOWS\SYSTEM32\ntdll.dll
0x00007ffb6f900000 - 0x00007ffb6f9c9000 	C:\WINDOWS\System32\KERNEL32.DLL
0x00007ffb6e0e0000 - 0x00007ffb6e4d1000 	C:\WINDOWS\System32\KERNELBASE.dll
0x00007ffb6d440000 - 0x00007ffb6d58b000 	C:\WINDOWS\System32\ucrtbase.dll
0x00007ffb5aaa0000 - 0x00007ffb5aabe000 	c:\Users\Kavis\.vscode\extensions\redhat.java-1.53.0-win32-x64\jre\21.0.10-win32-x86_64\bin\VCRUNTIME140.dll
0x00007ffb5aa10000 - 0x00007ffb5aa28000 	c:\Users\Kavis\.vscode\extensions\redhat.java-1.53.0-win32-x64\jre\21.0.10-win32-x86_64\bin\jli.dll
0x00007ffb704b0000 - 0x00007ffb70676000 	C:\WINDOWS\System32\USER32.dll
0x00007ffb6d0d0000 - 0x00007ffb6d0f7000 	C:\WINDOWS\System32\win32u.dll
0x00007ffb6fa50000 - 0x00007ffb6fa7b000 	C:\WINDOWS\System32\GDI32.dll
0x00007ffb6d310000 - 0x00007ffb6d43b000 	C:\WINDOWS\System32\gdi32full.dll
0x00007ffb4df90000 - 0x00007ffb4e223000 	C:\WINDOWS\WinSxS\amd64_microsoft.windows.common-controls_6595b64144ccf1df_6.0.26100.7824_none_3e0870b2e3345462\COMCTL32.dll
0x00007ffb6ed50000 - 0x00007ffb6edf9000 	C:\WINDOWS\System32\msvcrt.dll
0x00007ffb6e030000 - 0x00007ffb6e0d3000 	C:\WINDOWS\System32\msvcp_win.dll
0x00007ffb6ee50000 - 0x00007ffb6ee81000 	C:\WINDOWS\System32\IMM32.DLL
0x00007ffb65370000 - 0x00007ffb6537c000 	c:\Users\Kavis\.vscode\extensions\redhat.java-1.53.0-win32-x64\jre\21.0.10-win32-x86_64\bin\vcruntime140_1.dll
0x00007ffb41fd0000 - 0x00007ffb4205d000 	c:\Users\Kavis\.vscode\extensions\redhat.java-1.53.0-win32-x64\jre\21.0.10-win32-x86_64\bin\msvcp140.dll
0x00007ffadfd20000 - 0x00007ffae0ac1000 	c:\Users\Kavis\.vscode\extensions\redhat.java-1.53.0-win32-x64\jre\21.0.10-win32-x86_64\bin\server\jvm.dll
0x00007ffb6ec90000 - 0x00007ffb6ed44000 	C:\WINDOWS\System32\ADVAPI32.dll
0x00007ffb70070000 - 0x00007ffb70116000 	C:\WINDOWS\System32\sechost.dll
0x00007ffb6fd80000 - 0x00007ffb6fe98000 	C:\WINDOWS\System32\RPCRT4.dll
0x00007ffb6eb70000 - 0x00007ffb6ebe4000 	C:\WINDOWS\System32\WS2_32.dll
0x00007ffb62060000 - 0x00007ffb62095000 	C:\WINDOWS\SYSTEM32\WINMM.dll
0x00007ffb616b0000 - 0x00007ffb616bb000 	C:\WINDOWS\SYSTEM32\VERSION.dll
0x00007ffb6ce80000 - 0x00007ffb6cede000 	C:\WINDOWS\SYSTEM32\POWRPROF.dll
0x00007ffb6ce60000 - 0x00007ffb6ce74000 	C:\WINDOWS\SYSTEM32\UMPDC.dll
0x00007ffb6bdc0000 - 0x00007ffb6bddb000 	C:\WINDOWS\SYSTEM32\kernel.appcore.dll
0x00007ffb5c190000 - 0x00007ffb5c19a000 	c:\Users\Kavis\.vscode\extensions\redhat.java-1.53.0-win32-x64\jre\21.0.10-win32-x86_64\bin\jimage.dll
0x00007ffb6af50000 - 0x00007ffb6b192000 	C:\WINDOWS\SYSTEM32\DBGHELP.DLL
0x00007ffb70120000 - 0x00007ffb704a6000 	C:\WINDOWS\System32\combase.dll
0x00007ffb6fab0000 - 0x00007ffb6fb87000 	C:\WINDOWS\System32\OLEAUT32.dll
0x00007ffb49d60000 - 0x00007ffb49d9b000 	C:\WINDOWS\SYSTEM32\dbgcore.DLL
0x00007ffb6d020000 - 0x00007ffb6d0c5000 	C:\WINDOWS\System32\bcryptPrimitives.dll
0x00007ffb5b1d0000 - 0x00007ffb5b1df000 	c:\Users\Kavis\.vscode\extensions\redhat.java-1.53.0-win32-x64\jre\21.0.10-win32-x86_64\bin\instrument.dll
0x00007ffb58900000 - 0x00007ffb58920000 	c:\Users\Kavis\.vscode\extensions\redhat.java-1.53.0-win32-x64\jre\21.0.10-win32-x86_64\bin\java.dll
0x00007ffb6f1a0000 - 0x00007ffb6f8f2000 	C:\WINDOWS\System32\SHELL32.dll
0x00007ffb6de00000 - 0x00007ffb6df6a000 	C:\WINDOWS\System32\wintypes.dll
0x00007ffb6d590000 - 0x00007ffb6ddf3000 	C:\WINDOWS\System32\windows.storage.dll
0x00007ffb6ea70000 - 0x00007ffb6eb66000 	C:\WINDOWS\System32\SHCORE.dll
0x00007ffb70690000 - 0x00007ffb706f7000 	C:\WINDOWS\System32\shlwapi.dll
0x00007ffb6cf40000 - 0x00007ffb6cf69000 	C:\WINDOWS\SYSTEM32\profapi.dll
0x00007ffb588e0000 - 0x00007ffb588f8000 	c:\Users\Kavis\.vscode\extensions\redhat.java-1.53.0-win32-x64\jre\21.0.10-win32-x86_64\bin\zip.dll
0x00007ffb5b8a0000 - 0x00007ffb5b8b0000 	C:\Users\Kavis\.vscode\extensions\redhat.java-1.53.0-win32-x64\jre\21.0.10-win32-x86_64\bin\net.dll
0x00007ffb61580000 - 0x00007ffb616a7000 	C:\WINDOWS\SYSTEM32\WINHTTP.dll
0x00007ffb6c330000 - 0x00007ffb6c39b000 	C:\WINDOWS\system32\mswsock.dll
0x00007ffb54c00000 - 0x00007ffb54c16000 	C:\Users\Kavis\.vscode\extensions\redhat.java-1.53.0-win32-x64\jre\21.0.10-win32-x86_64\bin\nio.dll
0x00007ffb5acb0000 - 0x00007ffb5acc0000 	c:\Users\Kavis\.vscode\extensions\redhat.java-1.53.0-win32-x64\jre\21.0.10-win32-x86_64\bin\verify.dll
0x00007ffb544f0000 - 0x00007ffb54535000 	C:\Users\Kavis\AppData\Roaming\Code\User\globalStorage\redhat.java\1.53.0\config_win\org.eclipse.equinox.launcher\org.eclipse.equinox.launcher.win32.win32.x86_64_1.3.0.v20260203-2149\eclipse_11919.dll
0x00007ffb6ee90000 - 0x00007ffb6f027000 	C:\WINDOWS\System32\ole32.dll
0x00007ffb6c600000 - 0x00007ffb6c61b000 	C:\WINDOWS\SYSTEM32\CRYPTSP.dll
0x00007ffb6bd20000 - 0x00007ffb6bd59000 	C:\WINDOWS\system32\rsaenh.dll
0x00007ffb6c3e0000 - 0x00007ffb6c40b000 	C:\WINDOWS\SYSTEM32\USERENV.dll
0x00007ffb6cf10000 - 0x00007ffb6cf3a000 	C:\WINDOWS\SYSTEM32\bcrypt.dll
0x00007ffb6c620000 - 0x00007ffb6c62c000 	C:\WINDOWS\SYSTEM32\CRYPTBASE.dll
0x00007ffb6b7a0000 - 0x00007ffb6b7d4000 	C:\WINDOWS\SYSTEM32\IPHLPAPI.DLL
0x00007ffb6ec80000 - 0x00007ffb6ec8a000 	C:\WINDOWS\System32\NSI.dll
0x00007ffb41e50000 - 0x00007ffb41e99000 	C:\Users\Kavis\AppData\Local\Temp\jna-72270570\jna6964902139354171196.dll
0x00007ffb70680000 - 0x00007ffb70688000 	C:\WINDOWS\System32\PSAPI.DLL
0x00007ffb62030000 - 0x00007ffb6204e000 	C:\WINDOWS\SYSTEM32\dhcpcsvc6.DLL
0x00007ffb62000000 - 0x00007ffb62023000 	C:\WINDOWS\SYSTEM32\dhcpcsvc.DLL
0x00007ffb5abb0000 - 0x00007ffb5abd7000 	C:\Users\Kavis\.gradle\native\1def1411415f61bf3af743bc5b6707747c0891f09f0c88961ee8f79bc544acac\windows-amd64\native-platform.dll

JVMTI agents:
c:\Users\Kavis\.vscode\extensions\redhat.java-1.53.0-win32-x64\lombok\lombok-1.18.39-4050.jar path:c:\Users\Kavis\.vscode\extensions\redhat.java-1.53.0-win32-x64\jre\21.0.10-win32-x86_64\bin\instrument.dll, loaded, initialized, instrumentlib options:none

dbghelp: loaded successfully - version: 4.0.5 - missing functions: none
symbol engine: initialized successfully - sym options: 0x614 - pdb path: .;c:\Users\Kavis\.vscode\extensions\redhat.java-1.53.0-win32-x64\jre\21.0.10-win32-x86_64\bin;C:\WINDOWS\SYSTEM32;C:\WINDOWS\WinSxS\amd64_microsoft.windows.common-controls_6595b64144ccf1df_6.0.26100.7824_none_3e0870b2e3345462;c:\Users\Kavis\.vscode\extensions\redhat.java-1.53.0-win32-x64\jre\21.0.10-win32-x86_64\bin\server;C:\Users\Kavis\AppData\Roaming\Code\User\globalStorage\redhat.java\1.53.0\config_win\org.eclipse.equinox.launcher\org.eclipse.equinox.launcher.win32.win32.x86_64_1.3.0.v20260203-2149;C:\Users\Kavis\AppData\Local\Temp\jna-72270570;C:\Users\Kavis\.gradle\native\1def1411415f61bf3af743bc5b6707747c0891f09f0c88961ee8f79bc544acac\windows-amd64

VM Arguments:
jvm_args: --add-modules=ALL-SYSTEM --add-opens=java.base/java.util=ALL-UNNAMED --add-opens=java.base/java.lang=ALL-UNNAMED --add-opens=java.base/sun.nio.fs=ALL-UNNAMED -Declipse.application=org.eclipse.jdt.ls.core.id1 -Dosgi.bundles.defaultStartLevel=4 -Declipse.product=org.eclipse.jdt.ls.core.product -Djava.import.generatesMetadataFilesAtProjectRoot=false -DDetectVMInstallationsJob.disabled=true -Dfile.encoding=utf8 -XX:+UseParallelGC -XX:GCTimeRatio=4 -XX:AdaptiveSizePolicyWeight=90 -Dsun.zip.disableMemoryMapping=true -Xmx2G -Xms100m -Xlog:disable -javaagent:c:\Users\Kavis\.vscode\extensions\redhat.java-1.53.0-win32-x64\lombok\lombok-1.18.39-4050.jar -XX:+HeapDumpOnOutOfMemoryError -XX:HeapDumpPath=c:\Users\Kavis\AppData\Roaming\Code\User\workspaceStorage\7b2d75ff63603fdca34be7f1c85b3697\redhat.java -Daether.dependencyCollector.impl=bf 
java_command: c:\Users\Kavis\.vscode\extensions\redhat.java-1.53.0-win32-x64\server\plugins\org.eclipse.equinox.launcher_1.7.100.v20251111-0406.jar -configuration c:\Users\Kavis\AppData\Roaming\Code\User\globalStorage\redhat.java\1.53.0\config_win -data c:\Users\Kavis\AppData\Roaming\Code\User\workspaceStorage\7b2d75ff63603fdca34be7f1c85b3697\redhat.java\jdt_ws --pipe=\\.\pipe\lsp-30e48f1c9a80c1a5eda008baebb22c78-sock
java_class_path (initial): c:\Users\Kavis\.vscode\extensions\redhat.java-1.53.0-win32-x64\server\plugins\org.eclipse.equinox.launcher_1.7.100.v20251111-0406.jar
Launcher Type: SUN_STANDARD

[Global flags]
    uintx AdaptiveSizePolicyWeight                 = 90                                        {product} {command line}
     intx CICompilerCount                          = 4                                         {product} {ergonomic}
    uintx GCTimeRatio                              = 4                                         {product} {command line}
     bool HeapDumpOnOutOfMemoryError               = true                                   {manageable} {command line}
    ccstr HeapDumpPath                             = c:\Users\Kavis\AppData\Roaming\Code\User\workspaceStorage\7b2d75ff63603fdca34be7f1c85b3697\redhat.java         {manageable} {command line}
   size_t InitialHeapSize                          = 104857600                                 {product} {command line}
   size_t MaxHeapSize                              = 2147483648                                {product} {command line}
   size_t MaxNewSize                               = 715653120                                 {product} {ergonomic}
   size_t MinHeapDeltaBytes                        = 524288                                    {product} {ergonomic}
   size_t MinHeapSize                              = 104857600                                 {product} {command line}
   size_t NewSize                                  = 34603008                                  {product} {ergonomic}
    uintx NonNMethodCodeHeapSize                   = 5839372                                {pd product} {ergonomic}
    uintx NonProfiledCodeHeapSize                  = 122909434                              {pd product} {ergonomic}
   size_t OldSize                                  = 70254592                                  {product} {ergonomic}
    uintx ProfiledCodeHeapSize                     = 122909434                              {pd product} {ergonomic}
    uintx ReservedCodeCacheSize                    = 251658240                              {pd product} {ergonomic}
     bool SegmentedCodeCache                       = true                                      {product} {ergonomic}
   size_t SoftMaxHeapSize                          = 2147483648                             {manageable} {ergonomic}
     bool UseCompressedOops                        = true                           {product lp64_product} {ergonomic}
     bool UseLargePagesIndividualAllocation        = false                                  {pd product} {ergonomic}
     bool UseParallelGC                            = true                                      {product} {command line}

Logging:
Log output configuration:
 #0: stdout all=off uptime,level,tags foldmultilines=false
 #1: stderr all=off uptime,level,tags foldmultilines=false

Release file:
JAVA_VERSION="21.0.10" 
MODULES="java.base java.compiler java.datatransfer java.xml java.prefs java.desktop java.instrument java.logging java.management java.security.sasl java.naming java.rmi java.management.rmi java.net.http java.scripting java.security.jgss java.transaction.xa java.sql java.sql.rowset java.xml.crypto java.se java.smartcardio jdk.accessibility jdk.internal.jvmstat jdk.attach jdk.charsets jdk.internal.opt jdk.zipfs jdk.compiler jdk.crypto.ec jdk.crypto.cryptoki jdk.crypto.mscapi jdk.dynalink jdk.internal.ed jdk.editpad jdk.hotspot.agent jdk.httpserver jdk.internal.le jdk.internal.vm.ci jdk.internal.vm.compiler jdk.internal.vm.compiler.management jdk.jartool jdk.javadoc jdk.jcmd jdk.management jdk.management.agent jdk.jconsole jdk.jdeps jdk.jdwp.agent jdk.jdi jdk.jfr jdk.jshell jdk.jsobject jdk.jstatd jdk.localedata jdk.management.jfr jdk.naming.dns jdk.naming.rmi jdk.net jdk.nio.mapmode jdk.random jdk.sctp jdk.security.auth jdk.security.jgss jdk.unsupported jdk.unsupported.desktop jdk.xml.dom" 

Environment Variables:
JAVA_HOME=C:\Program Files\Java\jdk-17
PATH=C:\Python314\Scripts\;C:\Python314\;C:\Program Files\Common Files\Oracle\Java\javapath;C:\Program Files\Python312\Scripts\;C:\Program Files\Python312\;C:\WINDOWS\system32;C:\WINDOWS;C:\WINDOWS\System32\Wbem;C:\WINDOWS\System32\WindowsPowerShell\v1.0\;C:\WINDOWS\System32\OpenSSH\;C:\Program Files\dotnet\;C:\ProgramData\chocolatey\bin;C:\Program Files (x86)\NVIDIA Corporation\PhysX\Common;C:\Program Files\Microsoft\Web Platform Installer\;C:\Program Files (x86)\Microsoft ASP.NET\ASP.NET Web Pages\v1.0\;C:\Program Files\Microsoft SQL Server\110\Tools\Binn\;C:\Program Files\Microsoft SQL Server\120\Tools\Binn\;C:\Program Files\Microsoft SQL Server\130\Tools\Binn\;C:\Program Files\Microsoft SQL Server\150\Tools\Binn\;C:\WINDOWS\system32;C:\WINDOWS;C:\WINDOWS\System32\Wbem;C:\WINDOWS\System32\WindowsPowerShell\v1.0\;C:\WINDOWS\System32\OpenSSH\;C:\Program Files\NVIDIA Corporation\NVIDIA App\NvDLISR;C:\Program Files\CMake\bin;C:\php;C:\Program Files\CodeBlocks\MinGW\bin;C:\NASM;C:\Program Files\Docker\Docker\resources\bin;C:\flutter\bin;C:\adb\platform-tools;C:\apache-cassandra-3.11.10\bin;C:\Program Files\MongoDB\Server\8.0\bin;C:\Python313\Scripts\;C:\Python313\;C:\Program Files\Python312\Scripts\;C:\Program Files\Python312\;C:\WINDOWS\system32;C:\WINDOWS;C:\WINDOWS\System32\Wbem;C:\WINDOWS\System32\WindowsPowerShell\v1.0\;C:\WINDOWS\System32\OpenSSH\;C:\Program Files\dotnet\;C:\ProgramData\chocolatey\bin;C:\Program Files (x86)\NVIDIA Corporation\PhysX\Common;C:\Program Files\Microsoft\Web Platform Installer\;C:\Program Files (x86)\Microsoft ASP.NET\ASP.NET Web Pages\v1.0\;C:\Program Files\Microsoft SQL Server\110\Tools\Binn\;C:\Program Files\Microsoft SQL Server\120\Tools\Binn\;C:\Program Files\Microsoft SQL Server\130\Tools\Binn\;C:\Program Files\Microsoft SQL Server\150\Tools\Binn\;C:\WINDOWS\system32;C:\WINDOWS;C:\WINDOWS\System32\Wbem;C:\WINDOWS\System32\WindowsPowerShell\v1.0\;C:\WINDOWS\System32\OpenSSH\;C:\Program Files\NVIDIA Corporation\NVIDIA App\NvDLISR;C:\Program Files\CMake\bi;C:\Users\Kavis\AppData\Local\ipinfo;C:\Program Files\Java\jdk-21\bin;C:\Program Files\apache-maven-3.9.11\bin;C:\Users\Kavis\AppData\Local\Pub\Cache\bin;C:\Program Files\nvm;C:\Program Files\nodejs;C:\Program Files\nvm;C:\Program Files\Microsoft SQL Server\170\Tools\Binn\;C:\Program Files\Microsoft SQL Server\Client SDK\ODBC\170\Tools\Binn\;D:\Microchip Studio\bin;C:\Program Files\PuTTY\;C:\Program Files\Git\cmd;C:\Program Files\Go\bin;C:\Program Files\nodejs\;C:\Users\Kavis\AppData\Local\Programs\Python\Python313\Scripts\;C:\Users\Kavis\AppData\Local\Programs\Python\Python313\;C:\Program Files\Eclipse Adoptium\jdk-21.0.8.9-hotspot\bin;C:\Python313\Scripts\;C:\Python313\;C:\Program Files\Eclipse Adoptium\jdk-17.0.15.6-hotspot\bin;C:\Program Files\Python312\Scripts\;C:\Program Files\Python312\;C:\WINDOWS\system32;C:\WINDOWS;C:\WINDOWS\System32\Wbem;C:\WINDOWS\System32\WindowsPowerShell\v1.0\;C:\WINDOWS\System32\OpenSSH\;C:\Program Files\dotnet\;C:\ProgramData\chocolatey\bin;C:\Program Files (x86)\NVIDIA Corporation\PhysX\Common;C:\Program Files\Microsoft\Web Platform Installer\;C:\Program Files (x86)\Microsoft ASP.NET\ASP.NET Web Pages\v1.0\;C:\Program Files\Microsoft SQL Server\110\Tools\Binn\;C:\Program Files\Microsoft SQL Server\120\Tools\Binn\;C:\Program Files\Microsoft SQL Server\130\Tools\Binn\;C:\Program Files\Git\cmd;C:\Program Files\Microsoft SQL Server\150\Tools\Binn\;C:\WINDOWS\system32;C:\WINDOWS;C:\WINDOWS\System32\Wbem;C:\WINDOWS\System32\WindowsPowerShell\v1.0\;C:\WINDOWS\System32\OpenSSH\;C:\Program Files\NVIDIA Corporation\NVIDIA App\NvDLISR;C:\Program Files\CMake\bi;C:\Users\Kavis\AppData\Local\GitHubDesktop\bin;C:\Program Files\nvm;C:\Program Files\nodejs;C:\Users\Kavis\.dotnet\tools;C:\Users\Kavis\AppData\Local\Python\bin;C:\Users\Kavis\go\bin;C:\Program Files\Go\bin;C:\Program Files\Java\jdk-17\bin;C:\Users\Kavis\AppData\Roaming\npm;D:\Nmap;C:\Tools\ffuf;
USERNAME=Kavis
OS=Windows_NT
PROCESSOR_IDENTIFIER=Intel64 Family 6 Model 154 Stepping 4, GenuineIntel
TMP=C:\Users\Kavis\AppData\Local\Temp
TEMP=C:\Users\Kavis\AppData\Local\Temp




Periodic native trim disabled

---------------  S Y S T E M  ---------------

OS:
 Windows 11 , 64 bit Build 26100 (10.0.26100.7705)
OS uptime: 0 days 1:39 hours
Hyper-V role detected

CPU: total 12 (initial active 12) (6 cores per cpu, 2 threads per core) family 6 model 154 stepping 4 microcode 0x423, cx8, cmov, fxsr, ht, mmx, 3dnowpref, sse, sse2, sse3, ssse3, sse4.1, sse4.2, popcnt, lzcnt, tsc, tscinvbit, avx, avx2, aes, erms, clmul, bmi1, bmi2, adx, sha, fma, vzeroupper, clflush, clflushopt, clwb, hv, serialize, rdtscp, rdpid, fsrm, f16c, cet_ibt, cet_ss
Processor Information for processor 0
  Max Mhz: 1300, Current Mhz: 1300, Mhz Limit: 1300
Processor Information for processor 1
  Max Mhz: 1300, Current Mhz: 1300, Mhz Limit: 1300
Processor Information for processor 2
  Max Mhz: 1300, Current Mhz: 1300, Mhz Limit: 1300
Processor Information for processor 3
  Max Mhz: 1300, Current Mhz: 1300, Mhz Limit: 1300
Processor Information for processor 4
  Max Mhz: 1300, Current Mhz: 900, Mhz Limit: 897
Processor Information for processor 5
  Max Mhz: 1300, Current Mhz: 900, Mhz Limit: 897
Processor Information for processor 6
  Max Mhz: 1300, Current Mhz: 900, Mhz Limit: 897
Processor Information for processor 7
  Max Mhz: 1300, Current Mhz: 900, Mhz Limit: 897
Processor Information for processor 8
  Max Mhz: 1300, Current Mhz: 900, Mhz Limit: 897
Processor Information for processor 9
  Max Mhz: 1300, Current Mhz: 900, Mhz Limit: 897
Processor Information for processor 10
  Max Mhz: 1300, Current Mhz: 900, Mhz Limit: 897
Processor Information for processor 11
  Max Mhz: 1300, Current Mhz: 900, Mhz Limit: 897

Memory: 4k page, system-wide physical 7896M (564M free)
TotalPageFile size 17896M (AvailPageFile size 6M)
current process WorkingSet (physical memory assigned to process): 224M, peak: 224M
current process commit charge ("private bytes"): 345M, peak: 350M

vm_info: OpenJDK 64-Bit Server VM (21.0.10+7-LTS) for windows-amd64 JRE (21.0.10+7-LTS), built on 2026-01-20T00:00:00Z by "admin" with MS VC++ 17.12 (VS2022)

END.
